Archive member included because of file (symbol)

C:/Users/hirar/Documents/MWSTAGE/MWSDK/TWENET/current/lib/libTWENET_BLUE.a(ToCoNet_event.o)
                              objs_BLUE/receiver.o (symbol from plugin) (PRSEV_u8RegisterEx)
C:/Users/hirar/Documents/MWSTAGE/MWSDK/TWENET/current/lib/libTWENET_BLUE.a(ToCoNet_main.o)
                              objs_BLUE/settings/mwx_stgs_standard_core.o (symbol from plugin) (sToCoNet_Context)
C:/Users/hirar/Documents/MWSTAGE/MWSDK/TWENET/current/lib/libTWENET_BLUE.a(ToCoNet_utils.o)
                              ToCoNet_main.o (symbol from plugin) (ToCoNet_u32GetVersion)
C:/Users/hirar/Documents/MWSTAGE/MWSDK/TWENET/current/lib/libTWENET_BLUE.a(ToCoNet_mod_Tx.o)
                              objs_BLUE/mwx_appcore.o (symbol from plugin) (ToCoNet_vReg_mod_Tx_Standard)
C:/Users/hirar/Documents/MWSTAGE/MWSDK/TWENET/current/lib/libTWENET_BLUE.a(ToCoNet_mod_TxRxQueue.o)
                              objs_BLUE/mwx_appcore.o (symbol from plugin) (ToCoNet_vReg_mod_TxRxQueueSmall)
C:/Users/hirar/Documents/MWSTAGE/MWSDK/TWENET/current/lib/libTWENET_BLUE.a(ToCoNet_mod_Nwk_Common.o)
                              ToCoNet_main.o (symbol from plugin) (ToCoNet_vRxProc_Mod)
C:/Users/hirar/Documents/MWSTAGE/MWSDK/TWENET/current/lib/libTWENET_BLUE.a(ToCoNet_mod_Channel_Mgr.o)
                              ToCoNet_mod_Tx.o (symbol from plugin) (ToCoNet_ChMgr_bCh_OnTx)
C:/Users/hirar/Documents/MWSTAGE/MWSDK/TWENET/current/lib/libTWENET_BLUE.a(Version.o)
                              ToCoNet_utils.o (symbol from plugin) (au8ToCoNetVersionInfo)
C:/Users/hirar/Documents/MWSTAGE/MWSDK/TWENET/current/lib/libTWENET_BLUE.a(AppQueueApi_ToCoNet.o)
                              ToCoNet_main.o (symbol from plugin) (_u32_INT_ticktimer)
C:/Users/hirar/Documents/MWSTAGE/MWSDK/TWENET/current/lib/libTWENEText_BLUE.a(AppStart.o)
                              (AppColdStart)
C:/Users/hirar/Documents/MWSTAGE/MWSDK/TWENET/current/lib/libTWENEText_BLUE.a(getMacAddr.o)
                              ToCoNet_main.o (symbol from plugin) (ToCoNet_u32GetSerialOnBoot)
C:/Users/hirar/Documents/MWSTAGE/MWSDK/TWENET/current/lib/libTWENEText_BLUE.a(mac.o)
                              ToCoNet_main.o (symbol from plugin) (Mac_vInit)
C:/Users/hirar/Documents/MWSTAGE/MWSDK/TWENET/current/lib/libTWENEText_BLUE.a(AES_CCM.o)
                              AppStart.o (symbol from plugin) (bAES_CCM_KeyReg)
C:/Users/hirar/Documents/MWSTAGE/MWSDK/TWENET/current/lib/libTWENEText_BLUE.a(no_ack_handler.o)
                              AppStart.o (symbol from plugin) (vInstallNoAckHandler)
C:/Users/hirar/Documents/MWSTAGE/MWSDK/TWENET/current/lib/libTWENEText_BLUE.a(Version.o)
                              ToCoNet_utils.o (symbol from plugin) (au8ToCoNetExtVersionInfo)
C:/Users/hirar/Documents/MWSTAGE/MWSDK/TWENET/current/lib/libTWENETutils_BLUE.a(serial.o)
                              objs_BLUE/receiver.o (symbol from plugin) (SERIAL_bTxChar)
C:/Users/hirar/Documents/MWSTAGE/MWSDK/TWENET/current/lib/libTWENETutils_BLUE.a(uart.o)
                              serial.o (symbol from plugin) (UART_vInit)
C:/Users/hirar/Documents/MWSTAGE/MWSDK/TWENET/current/lib/libTWENETutils_BLUE.a(ByteQueue.o)
                              ToCoNet_main.o (symbol from plugin) (QUEUE__vInit)
C:/Users/hirar/Documents/MWSTAGE/MWSDK/TWENET/current/lib/libTWENETutils_BLUE.a(ccitt8.o)
                              AppStart.o (symbol from plugin) (u8CCITT8)
C:/Users/hirar/Documents/MWSTAGE/MWSDK/TWENET/current/lib/libTWENETutils_BLUE.a(fprintf.o)
                              objs_BLUE/sensors/legacy/sensor_driver.o (symbol from plugin) (vfPrintf)
C:/Users/hirar/Documents/MWSTAGE/MWSDK/TWENET/current/lib/libTWENETutils_BLUE.a(utils.o)
                              objs_BLUE/mwx_appcore.o (symbol from plugin) (vTimerConfig)
C:/Users/hirar/Documents/MWSTAGE/MWSDK/TWENET/current/lib/libTWENETutils_BLUE.a(ccm.o)
                              AES_CCM.o (symbol from plugin) (ccm_init_and_key)
C:/Users/hirar/Documents/MWSTAGE/MWSDK/TWENET/current/lib/libTWENETutils_BLUE.a(Version.o)
                              ToCoNet_utils.o (symbol from plugin) (au8ToCoNetUtilsVersionInfo)
C:/Users/hirar/Documents/MWSTAGE/MWSDK/TWENET/current/lib/libTWENETutils_BLUE.a(aescrypt.o)
                              ccm.o (symbol from plugin) (aes_encrypt)
C:/Users/hirar/Documents/MWSTAGE/MWSDK/TWENET/current/lib/libTWENETutils_BLUE.a(aeskey.o)
                              ccm.o (symbol from plugin) (aes_encrypt_key)
C:/Users/hirar/Documents/MWSTAGE/MWSDK/TWENET/current/lib/libTWENETutils_BLUE.a(aestab.o)
                              aeskey.o (symbol from plugin) (t_im)
C:/Users/hirar/Documents/MWSTAGE/MWSDK/TWENET/current/lib/libTWENETstgs_BLUE.a(twenvm.o)
                              objs_BLUE/settings/mwx_stgs_standard_core.o (symbol from plugin) (TWENVM_bRead)
C:/Users/hirar/Documents/MWSTAGE/MWSDK/TWENET/current/lib/libTWENETstgs_BLUE.a(tweinteractive.o)
[...]
Memory Configuration

Name             Origin             Length             Attributes
flash            0x0000000000080000 0x0000000000028000
ram              0x000000000400004c 0x0000000000007fb4
*default*        0x0000000000000000 0xffffffffffffffff

Linker script and memory map

LOAD objs_BLUE/sensors/legacy/SMBus.o
LOAD C:\Users\hirar\AppData\Local\Temp\cciSuIb8.ltrans0.ltrans.o
LOAD C:\Users\hirar\AppData\Local\Temp\cciSuIb8.ltrans1.ltrans.o
LOAD C:\Users\hirar\AppData\Local\Temp\cciSuIb8.ltrans2.ltrans.o
LOAD C:\Users\hirar\AppData\Local\Temp\cciSuIb8.ltrans3.ltrans.o
LOAD C:\Users\hirar\AppData\Local\Temp\cciSuIb8.ltrans4.ltrans.o
LOAD C:\Users\hirar\AppData\Local\Temp\cciSuIb8.ltrans5.ltrans.o
LOAD C:\Users\hirar\AppData\Local\Temp\cciSuIb8.ltrans6.ltrans.o
LOAD C:\Users\hirar\AppData\Local\Temp\cciSuIb8.ltrans7.ltrans.o
LOAD C:\Users\hirar\AppData\Local\Temp\cciSuIb8.ltrans8.ltrans.o
LOAD C:\Users\hirar\AppData\Local\Temp\cciSuIb8.ltrans9.ltrans.o
LOAD C:\Users\hirar\AppData\Local\Temp\cciSuIb8.ltrans10.ltrans.o
LOAD C:\Users\hirar\AppData\Local\Temp\cciSuIb8.ltrans11.ltrans.o
LOAD C:\Users\hirar\AppData\Local\Temp\cciSuIb8.ltrans12.ltrans.o
LOAD C:\Users\hirar\AppData\Local\Temp\cciSuIb8.ltrans13.ltrans.o
LOAD C:\Users\hirar\AppData\Local\Temp\cciSuIb8.ltrans14.ltrans.o
LOAD C:\Users\hirar\AppData\Local\Temp\cciSuIb8.ltrans15.ltrans.o
LOAD C:\Users\hirar\AppData\Local\Temp\cciSuIb8.ltrans16.ltrans.o
LOAD C:\Users\hirar\AppData\Local\Temp\cciSuIb8.ltrans17.ltrans.o
LOAD C:\Users\hirar\AppData\Local\Temp\cciSuIb8.ltrans18.ltrans.o
LOAD C:\Users\hirar\AppData\Local\Temp\cciSuIb8.ltrans19.ltrans.o
LOAD C:\Users\hirar\AppData\Local\Temp\cciSuIb8.ltrans20.ltrans.o
LOAD C:\Users\hirar\AppData\Local\Temp\cciSuIb8.ltrans21.ltrans.o
LOAD C:\Users\hirar\AppData\Local\Temp\cciSuIb8.ltrans22.ltrans.o
LOAD C:\Users\hirar\AppData\Local\Temp\cciSuIb8.ltrans23.ltrans.o
LOAD C:\Users\hirar\AppData\Local\Temp\cciSuIb8.ltrans24.ltrans.o
LOAD C:\Users\hirar\AppData\Local\Temp\cciSuIb8.ltrans25.ltrans.o
LOAD C:\Users\hirar\AppData\Local\Temp\cciSuIb8.ltrans26.ltrans.o
LOAD C:\Users\hirar\AppData\Local\Temp\cciSuIb8.ltrans27.ltrans.o
LOAD C:\Users\hirar\AppData\Local\Temp\cciSuIb8.ltrans28.ltrans.o
LOAD C:\Users\hirar\AppData\Local\Temp\cciSuIb8.ltrans29.ltrans.o
LOAD C:\Users\hirar\AppData\Local\Temp\cciSuIb8.ltrans30.ltrans.o
LOAD c:/users/hirar/documents/mwstage/tools/ba-elf-ba2-r36379.w10/bin/../lib/gcc/ba-elf/4.7.4/../../../../ba-elf/lib/mcpu_jn51xx_sizeopt\libc.a
LOAD c:/users/hirar/documents/mwstage/tools/ba-elf-ba2-r36379.w10/bin/../lib/gcc/ba-elf/4.7.4/mcpu_jn51xx_sizeopt\libgcc.a
LOAD c:/users/hirar/documents/mwstage/tools/ba-elf-ba2-r36379.w10/bin/../lib/gcc/ba-elf/4.7.4/../../../../ba-elf/lib/mcpu_jn51xx_sizeopt\libc.a
LOAD objs_BLUE/sensors/legacy/sensor_driver.o
LOAD objs_BLUE/sensors/legacy/SHTC3.o
LOAD objs_BLUE/sensors/legacy/SHT31.o
LOAD objs_BLUE/sensors/legacy/LTR308ALS.o
LOAD objs_BLUE/sensors/legacy/BME280.o
LOAD objs_BLUE/mwx_debug.o
LOAD objs_BLUE/receiver.o
LOAD objs_BLUE/mwx_utils_crc8.o
LOAD objs_BLUE/mwx_utils.o
LOAD objs_BLUE/mwx_appcore.o
LOAD objs_BLUE/mwx_memory.o
LOAD objs_BLUE/mwx_periph.o
LOAD objs_BLUE/mwx_periph_dio.o
LOAD objs_BLUE/mwx_periph_buttons.o
LOAD objs_BLUE/mwx_periph_analogue.o
LOAD objs_BLUE/mwx_periph_eeprom.o
LOAD objs_BLUE/mwx_stream.o
LOAD objs_BLUE/mwx_duplicate_checker.o
LOAD objs_BLUE/mwx_parser_pkt.o
LOAD objs_BLUE/settings/mwx_settings.o
LOAD objs_BLUE/settings/mwx_stgs_standard.o
LOAD objs_BLUE/settings/mwx_stgs_standard_core.o
LOAD objs_BLUE/settings/mwx_stgs_standard_tbl.o
LOAD objs_BLUE/boards/mwx_brd_pal_amb.o
LOAD objs_BLUE/boards/mwx_brd_pal_mot.o
LOAD objs_BLUE/boards/mwx_brd_pal_mag.o
LOAD objs_BLUE/boards/mwx_brd_pal_notice.o
LOAD objs_BLUE/boards/mwx_brd_monostick.o
LOAD objs_BLUE/boards/mwx_brd_app_twelite.o
LOAD objs_BLUE/boards/mwx_brd_cue.o
LOAD objs_BLUE/networks/mwx_nwk_simple.o
LOAD objs_BLUE/sensors/legacy/probe.o
LOAD objs_BLUE/sensors/mwx_sns_MC3630.o
LOAD objs_BLUE/sensors/mwx_sns_PCA9632.o
LOAD C:/Users/hirar/Documents/MWSTAGE/MWSDK/TWENET/current/lib/libTWENET_BLUE.a
LOAD C:/Users/hirar/Documents/MWSTAGE/MWSDK/TWENET/current/lib/libTWENEText_BLUE.a
LOAD C:/Users/hirar/Documents/MWSTAGE/MWSDK/TWENET/current/lib/libTWENETutils_BLUE.a
LOAD C:/Users/hirar/Documents/MWSTAGE/MWSDK/TWENET/current/lib/libTWENETstgs_BLUE.a
START GROUP
LOAD C:/Users/hirar/Documents/MWSTAGE/MWSDK/ChipLib/SW4063V1416/Components/Library\libAppApi_JN516x.a
LOAD C:/Users/hirar/Documents/MWSTAGE/MWSDK/ChipLib/SW4063V1416/Components/Library\libMAC_JN516x.a
LOAD C:/Users/hirar/Documents/MWSTAGE/MWSDK/ChipLib/SW4063V1416/Components/Library\libTimerServer_JN516x.a
LOAD C:/Users/hirar/Documents/MWSTAGE/MWSDK/ChipLib/SW4063V1416/Components/Library\libTOF_JN516x.a
LOAD C:/Users/hirar/Documents/MWSTAGE/MWSDK/ChipLib/SW4063V1416/Components/Library\libXcv_JN516x.a
LOAD C:/Users/hirar/Documents/MWSTAGE/MWSDK/ChipLib/SW4063V1416/Components/Library\libAes_JN516x.a
LOAD C:/Users/hirar/Documents/MWSTAGE/MWSDK/ChipLib/SW4063V1416/Components/Library\libHardwareApi_JN516x.a
LOAD C:/Users/hirar/Documents/MWSTAGE/MWSDK/ChipLib/SW4063V1416/Components/Library\libMicroSpecific_JN516x.a
LOAD C:/Users/hirar/Documents/MWSTAGE/MWSDK/ChipLib/SW4063V1416/Components/Library\libBoot_JN516x.a
LOAD C:/Users/hirar/Documents/MWSTAGE/MWSDK/ChipLib/SW4063V1416/Components/Library\libPDM_EEPROM_JN516x_NO_RTOS.a
LOAD C:/Users/hirar/Documents/MWSTAGE/MWSDK/TWENET/current/lib/libTWENET_BLUE.a
LOAD C:/Users/hirar/Documents/MWSTAGE/MWSDK/TWENET/current/lib/libTWENEText_BLUE.a
LOAD C:/Users/hirar/Documents/MWSTAGE/MWSDK/TWENET/current/lib/libTWENETutils_BLUE.a
LOAD C:/Users/hirar/Documents/MWSTAGE/MWSDK/TWENET/current/lib/libTWENETstgs_BLUE.a
END GROUP
LOAD c:/users/hirar/documents/mwstage/tools/ba-elf-ba2-r36379.w10/bin/../lib/gcc/ba-elf/4.7.4/../../../../ba-elf/lib/mcpu_jn51xx_sizeopt\libstdc++.a
LOAD c:/users/hirar/documents/mwstage/tools/ba-elf-ba2-r36379.w10/bin/../lib/gcc/ba-elf/4.7.4/../../../../ba-elf/lib/mcpu_jn51xx_sizeopt\libm.a
LOAD c:/users/hirar/documents/mwstage/tools/ba-elf-ba2-r36379.w10/bin/../lib/gcc/ba-elf/4.7.4/../../../../ba-elf/lib/mcpu_jn51xx_sizeopt\libc.a
LOAD c:/users/hirar/documents/mwstage/tools/ba-elf-ba2-r36379.w10/bin/../lib/gcc/ba-elf/4.7.4/mcpu_jn51xx_sizeopt\libgcc.a
LOAD c:/users/hirar/documents/mwstage/tools/ba-elf-ba2-r36379.w10/bin/../lib/gcc/ba-elf/4.7.4/../../../../ba-elf/lib/mcpu_jn51xx_sizeopt\libc.a
                0x0000000000001000                _minimum_heap_size = 0x1000
                0x0000000000000c00                _stack_size = 0xc00
                0x0000000000080038                _exception_vsr_table = 0x80038
                0x0000000004000000                pSPIflashFncTable = 0x4000000
                0x0000000000001000                _minimum_heap_size = 0x1000
                0x0000000000000c00                _stack_size = 0xc00
                0x0000000000000044                restore_state = 0x44
                0x000000000000004a                bZSPIWaitWIPClear = 0x4a
                0x0000000000000050                u16ZSPIflashRDID = 0x50
                0x0000000000000056                u8SelectFlashChipType = 0x56
                0x000000000000005c                memcpy = 0x5c
                0x0000000000000066                vBootFlashProg = 0x66
                [0x0000000000001000]                _minimum_heap_size = DEFINED (_minimum_heap_size)?_minimum_heap_size:0xd16
                0x0000000000000000                _SwConfig = (DEFINED (g_bSWConf_Debug) | (DEFINED (g_bSWConf_AltDebugPort) << 0x1))

.version        0x000000000007fffc        0x4
                0x000000000007fffc        0x4 LONG 0x4030008

.bir            0x0000000000080000       0x10
                0x0000000000080000                _flash_start = ABSOLUTE (.)
                0x0000000000080000                _flash_beg = ABSOLUTE (.)
                0x0000000000080000        0x4 LONG 0x12345678
                0x0000000000080004        0x4 LONG 0x11223344
                0x0000000000080008        0x4 LONG 0x55667788
                0x000000000008000c        0x1 BYTE 0x8
                0x000000000008000d        0x1 BYTE 0x1
                0x000000000008000e        0x2 SHORT 0x0

.flashheader    0x0000000000080010       0x28
                0x0000000000080010        0x4 LONG 0x0
                0x0000000000080014        0x4 LONG 0x0
                0x0000000000080018        0x4 LONG 0x0
                0x000000000008001c        0x2 SHORT 0x0
                0x000000000008001e        0x2 SHORT 0x0 ABSOLUTE (_SwConfig)
                0x0000000000080020                _enc_start = ABSOLUTE (.)
                0x0000000000080020        0x4 LONG 0x14160 ABSOLUTE (_image_len)
                0x0000000000080024        0x4 LONG 0x94124 ABSOLUTE (_flash_data_start)
                0x0000000000080028        0x2 SHORT 0x13 ((ABSOLUTE (_ram_data_start) / 0x4) & 0xffff)
                0x000000000008002a        0x2 SHORT 0xf ((ABSOLUTE (_ram_data_len) / 0x4) & 0xffff)
                0x000000000008002c        0x2 SHORT 0x22 ((ABSOLUTE (_bss_start) / 0x4) & 0xffff)
                0x000000000008002e        0x2 SHORT 0x60f ((ABSOLUTE (_bss_len) / 0x4) & 0xffff)
                0x0000000000080030        0x4 LONG 0x88678 ABSOLUTE (AppWarmStart)
                0x0000000000080034        0x4 LONG 0x89028 ABSOLUTE (AppColdStart)
                0x0000000000000000                _enc_offset = (_enc_start & 0xf)
                0x0000000000000044                PROVIDE (vException_BusError, restore_state)
                0x0000000000000044                PROVIDE (vException_UnalignedAccess, restore_state)
                0x0000000000000044                PROVIDE (vException_IllegalInstruction, restore_state)
                0x0000000000000044                PROVIDE (vException_SysCall, restore_state)
                0x0000000000000044                PROVIDE (vException_Trap, restore_state)
                0x0000000000000044                PROVIDE (vException_StackOverflow, restore_state)
                0x0000000000080038                . = ABSOLUTE (_exception_vsr_table)

.vsr_table      0x0000000000080038       0x18
                0x0000000000080038        0x4 LONG 0x44 ABSOLUTE (vException_BusError)
                0x000000000008003c        0x4 LONG 0x44 ABSOLUTE (vException_UnalignedAccess)
                0x0000000000080040        0x4 LONG 0x44 ABSOLUTE (vException_IllegalInstruction)
                0x0000000000080044        0x4 LONG 0x44 ABSOLUTE (vException_SysCall)
                0x0000000000080048        0x4 LONG 0x44 ABSOLUTE (vException_Trap)
                0x000000000008004c        0x4 LONG 0x44 ABSOLUTE (vException_StackOverflow)

.vsr_handlers   0x0000000000080050       0xaa
 *(.vsr_handlers)
 .vsr_handlers  0x0000000000080050       0xaa C:/Users/hirar/Documents/MWSTAGE/MWSDK/ChipLib/SW4063V1416/Components/Library\libBoot_JN516x.a(ExceptionHandler.o)
                0x0000000000080050                _exception_external_interrupt
                0x00000000000800f8                _default_vsr_dummy

.rodata         0x0000000000080100     0x13b4
 *(.rodata*)
 .rodata.str1.1
                0x0000000000080100       0x1a C:\Users\hirar\AppData\Local\Temp\cciSuIb8.ltrans0.ltrans.o
                                         0x1d (size before relaxing)
 .rodata        0x000000000008011a      0x100 C:\Users\hirar\AppData\Local\Temp\cciSuIb8.ltrans0.ltrans.o
 *fill*         0x000000000008021a        0x2 00
 .rodata        0x000000000008021c       0x1c C:\Users\hirar\AppData\Local\Temp\cciSuIb8.ltrans1.ltrans.o
                0x000000000008021c                psTamXcvContext
 .rodata.str1.1
                0x0000000000080238        0xd C:\Users\hirar\AppData\Local\Temp\cciSuIb8.ltrans2.ltrans.o
 .rodata        0x0000000000080245       0x54 C:\Users\hirar\AppData\Local\Temp\cciSuIb8.ltrans2.ltrans.o
 .rodata        0x0000000000080299        0x4 C:\Users\hirar\AppData\Local\Temp\cciSuIb8.ltrans3.ltrans.o
 .rodata.str1.1
                0x000000000008029d       0x22 C:\Users\hirar\AppData\Local\Temp\cciSuIb8.ltrans4.ltrans.o
 *fill*         0x00000000000802bf        0x1 00
 .rodata        0x00000000000802c0       0x38 C:\Users\hirar\AppData\Local\Temp\cciSuIb8.ltrans4.ltrans.o
                0x00000000000802c0                asStateFuncTbl.11281
 .rodata        0x00000000000802f8       0x44 C:\Users\hirar\AppData\Local\Temp\cciSuIb8.ltrans5.ltrans.o
                0x00000000000802f8                s_aprScanHandleEvt.21258
                0x0000000000080328                aprLPBMacVectorRamTable
 .rodata        0x000000000008033c      0x100 C:\Users\hirar\AppData\Local\Temp\cciSuIb8.ltrans6.ltrans.o
                0x000000000008033c                u8CRCTable.15770
 .rodata.str1.1
                0x000000000008043c      0x19d C:\Users\hirar\AppData\Local\Temp\cciSuIb8.ltrans7.ltrans.o
 .rodata        0x00000000000805d9       0x61 C:\Users\hirar\AppData\Local\Temp\cciSuIb8.ltrans7.ltrans.o
                0x00000000000805d9                menu_string.14806
                0x0000000000080639                _ZL14u8SetSlotCount.6863
 *fill*         0x000000000008063a        0x2 00
 .rodata        0x000000000008063c        0xc C:\Users\hirar\AppData\Local\Temp\cciSuIb8.ltrans8.ltrans.o
 .rodata.str1.1
                0x0000000000080648       0x88 C:\Users\hirar\AppData\Local\Temp\cciSuIb8.ltrans9.ltrans.o
 .rodata        0x00000000000806d0       0x10 C:\Users\hirar\AppData\Local\Temp\cciSuIb8.ltrans9.ltrans.o
 .rodata        0x00000000000806e0        0x6 C:\Users\hirar\AppData\Local\Temp\cciSuIb8.ltrans10.ltrans.o
                0x00000000000806e0                aeXcvPhyEvtToScanEvt.5394.21261
 .rodata.str1.1
                0x00000000000806e6       0x11 C:\Users\hirar\AppData\Local\Temp\cciSuIb8.ltrans11.ltrans.o
 *fill*         0x00000000000806f7        0x1 00
 .rodata        0x00000000000806f8       0x7c C:\Users\hirar\AppData\Local\Temp\cciSuIb8.ltrans11.ltrans.o
                0x000000000008072c                u32MacLow_TOCOS
                0x0000000000080730                u32MacHigh_TOCOS
 .rodata.str1.1
                0x0000000000080774       0x90 C:\Users\hirar\AppData\Local\Temp\cciSuIb8.ltrans12.ltrans.o
                                         0xa0 (size before relaxing)
 .rodata        0x0000000000080804        0x5 C:\Users\hirar\AppData\Local\Temp\cciSuIb8.ltrans12.ltrans.o
                0x0000000000080804                gbHighPowerMode
                0x0000000000080805                gu8ModuleID
 .rodata.str1.1
                0x0000000000080809       0x28 C:\Users\hirar\AppData\Local\Temp\cciSuIb8.ltrans13.ltrans.o
                                         0x33 (size before relaxing)
 .rodata.str1.1
                0x0000000000080831       0x40 C:\Users\hirar\AppData\Local\Temp\cciSuIb8.ltrans14.ltrans.o
                                         0x43 (size before relaxing)
 .rodata        0x0000000000080871        0x5 C:\Users\hirar\AppData\Local\Temp\cciSuIb8.ltrans14.ltrans.o
 .rodata        0x0000000000080876        0xa C:\Users\hirar\AppData\Local\Temp\cciSuIb8.ltrans15.ltrans.o
 .rodata.str1.1
                0x0000000000000000       0x11 C:\Users\hirar\AppData\Local\Temp\cciSuIb8.ltrans16.ltrans.o
 .rodata.str1.1
                0x0000000000080880      0x13e C:\Users\hirar\AppData\Local\Temp\cciSuIb8.ltrans17.ltrans.o
                                        0x141 (size before relaxing)
 *fill*         0x00000000000809be        0x2 00
 .rodata        0x00000000000809c0      0x178 C:\Users\hirar\AppData\Local\Temp\cciSuIb8.ltrans17.ltrans.o
                0x00000000000809c0                _ZL7asFuncs.6804
 .rodata.str1.1
                0x0000000000080b38       0x6b C:\Users\hirar\AppData\Local\Temp\cciSuIb8.ltrans18.ltrans.o
                                         0x76 (size before relaxing)
 .rodata.str1.1
                0x0000000000080ba3      0x2bc C:\Users\hirar\AppData\Local\Temp\cciSuIb8.ltrans20.ltrans.o
                                        0x2bd (size before relaxing)
 *fill*         0x0000000000080e5f        0x1 00
 .rodata        0x0000000000080e60      0x2fc C:\Users\hirar\AppData\Local\Temp\cciSuIb8.ltrans20.ltrans.o
                0x0000000000080e60                _ZL8pSetList.6809
                0x0000000000080e64                _ZL14SetList_SINGLE.6810
 .rodata        0x000000000008115c       0x9a C:\Users\hirar\AppData\Local\Temp\cciSuIb8.ltrans21.ltrans.o
 .rodata.str1.1
                0x00000000000811f6      0x131 C:\Users\hirar\AppData\Local\Temp\cciSuIb8.ltrans22.ltrans.o
                                        0x13c (size before relaxing)
 .rodata        0x0000000000081327       0x31 C:\Users\hirar\AppData\Local\Temp\cciSuIb8.ltrans23.ltrans.o
 .rodata.str1.1
                0x0000000000081358       0x12 C:\Users\hirar\AppData\Local\Temp\cciSuIb8.ltrans24.ltrans.o
 *fill*         0x000000000008136a        0x6 00
 .rodata        0x0000000000081370       0x50 C:\Users\hirar\AppData\Local\Temp\cciSuIb8.ltrans24.ltrans.o
 .rodata        0x00000000000813c0       0x28 C:\Users\hirar\AppData\Local\Temp\cciSuIb8.ltrans26.ltrans.o
                0x00000000000813c0                au32TimerBaseAddress
                0x00000000000813d4                CSWTCH.35.31597.31597
 .rodata.str1.1
                0x00000000000813e8       0x15 C:\Users\hirar\AppData\Local\Temp\cciSuIb8.ltrans27.ltrans.o
                                         0x33 (size before relaxing)
 .rodata.str1.1
                0x00000000000813fd       0x1d C:\Users\hirar\AppData\Local\Temp\cciSuIb8.ltrans28.ltrans.o
 *fill*         0x000000000008141a        0x2 00
 .rodata        0x000000000008141c        0x8 C:\Users\hirar\AppData\Local\Temp\cciSuIb8.ltrans28.ltrans.o
                0x000000000008141c                au32UartAddrOffset
 .rodata        0x0000000000081424       0x90 C:\Users\hirar\AppData\Local\Temp\cciSuIb8.ltrans29.ltrans.o
                0x0000000000081424                psTamMacContext
                0x0000000000081428                apvActionCalls
                0x00000000000814b0                psTAMcontext

.text           0x00000000000814b4    0x12c6f
 *(.text*)
 .text          0x00000000000814b4     0x1334 C:\Users\hirar\AppData\Local\Temp\cciSuIb8.ltrans0.ltrans.o
                0x00000000000814b4                _out_fct.15571
                0x00000000000814c6                _out_null.15577
                0x00000000000814c9                _out_buffer.15565
                0x0000000000081560                _TWE_fputs
                0x000000000008157f                vOutputStream.14849
                0x000000000008158b                TWEINTCT_vProcessInputString_defmenus
                0x00000000000815b4                TWEINTCT_vProcessInputString_settings
                0x0000000000081661                _ZN3mwx2L110serial_jen7vOutputEcPv.local.112
                0x000000000008167c                vHandlerPatch.13217
                0x00000000000816b3                _ZN3mwx2L112appdefs_crtpINS0_9NwkSimpleEE18_cbTweNet_vHwEventEPvmm.local.284
                0x00000000000816b6                _ZN3mwx2L112appdefs_crtpINS0_9NwkSimpleEE17_cbTweNet_u8HwIntEPvmm.local.283
                0x00000000000816bb                _ZN3mwx2L114processev_crtpINS0_12BrdMonoStickEE14vProcessEvCoreEP8_tsEvent7teEventm.local.295
                0x00000000000816be                _ZN3mwx2L112appdefs_crtpINS0_12BrdMonoStickEE18_cbTweNet_vHwEventEPvmm.local.294
                0x00000000000816c1                _ZN3mwx2L112appdefs_crtpINS0_12BrdMonoStickEE17_cbTweNet_u8HwIntEPvmm.local.293
                0x00000000000816c6                _ZN3mwx2L112StgsStandard7_serial5_readEPv.local.110
                0x00000000000816f9                TWEINTCT_u32ProcessMenuEvent_hw(_TWEINTRCT_sContext*, unsigned long, unsigned long, unsigned long, void*)
                0x00000000000816fe                TWEINTCT_vProcessInputString_hw(_TWEINTRCT_sContext*, _tsInpStr_Context*)
                0x0000000000081701                _ZN3mwx2L112StgsStandard7_serial10_availableEPv.local.116
                0x0000000000081714                mwx::L1::StgsStandard::_vProcessInputByte(_TWEINTRCT_sContext*, short)
                0x000000000008174c                _ZN3mwx2L114processev_crtpINS0_12StgsStandardEE14vProcessEvCoreEP8_tsEvent7teEventm.local.292
                0x000000000008174f                _ZN3mwx2L112appdefs_crtpINS0_12StgsStandardEE18_cbTweNet_vHwEventEPvmm.local.290
                0x0000000000081752                _ZN3mwx2L112appdefs_crtpINS0_12StgsStandardEE17_cbTweNet_u8HwIntEPvmm.local.289
                0x0000000000081757                _ZN3mwx2L112appdefs_crtpINS0_9NwkSimpleEE18_cbTweNet_vTxEventEPvRNS0_12packet_ev_txE.local.296
                0x0000000000081771                _ZN3mwx2L112appdefs_crtpINS0_9NwkSimpleEE19_cbTweNet_vNwkEventEPvRNS0_13packet_ev_nwkE.local.297
                0x0000000000081782                _ZN3mwx2L112appdefs_crtpINS0_9NwkSimpleEE15_cbTweNet_vMainEPv.local.298
                0x0000000000081785                _ZN3mwx2L112appdefs_crtpINS0_12StgsStandardEE18_cbTweNet_vTxEventEPvRNS0_12packet_ev_txE.local.299
                0x0000000000081788                _ZN3mwx2L112appdefs_crtpINS0_12StgsStandardEE18_cbTweNet_vRxEventEPvRNS0_9packet_rxE.local.300
                0x000000000008178b                _ZN3mwx2L112appdefs_crtpINS0_12StgsStandardEE19_cbTweNet_vNwkEventEPvRNS0_13packet_ev_nwkE.local.301
                0x000000000008178e                _ZN3mwx2L112appdefs_crtpINS0_12BrdMonoStickEE19_cbTweNet_vNwkEventEPvRNS0_13packet_ev_nwkE.local.302
                0x0000000000081791                TWESTGS_VLD_u32String
                0x00000000000817da                _out_rev.15583
                0x00000000000819eb                _ntoa_long_long.15619
                0x0000000000081ac2                _ntoa_long.15607
                0x0000000000081b97                _etoa.15665
                0x0000000000081f52                TWESTR_i32DecstrToNum
                0x0000000000081fa1                TWESTG_vSetUDatumFrUDatum
                0x0000000000081fed                TWESTGS_VLD_u32MinMax
                0x000000000008206e                TWESTGS_VLD_u32AppId
                0x00000000000820c5                TWESTG_u32GetU32FrUDatum
                0x0000000000082118                s_iConvBytesToDatum.14970
                0x000000000008219e                s_u32ElementsListAdd
                0x0000000000082323                TWEINTRCT_u32MenuChange
                0x000000000008235e                TWEINTRCT_bSetInteractive.part.1.14087
                0x000000000008237a                u8CCITT8
                0x00000000000823a0                bAES_CCM_KeyReg
                0x00000000000823df                bFifoPush.11922
                0x0000000000082418                vAppQApiPostMlme.11908
                0x0000000000082437                vAppQApiPostMcps.11915
                0x0000000000082452                pvFifoPull.11919
                0x0000000000082479                psAppQApiGetMlmeBuffer.11905
                0x0000000000082481                psAppQApiGetMcpsBuffer.11912
                0x0000000000082489                PRSEV_vSetState
                0x0000000000082499                PRSEV_u8RegisterEx
                0x00000000000824d7                PRSEV_vProcessEv_core.10365
                0x0000000000082579                PRSEV_vProcessEvPost
                0x00000000000825ab                _PRSEV_vProcessEvSingle
                0x00000000000825b8                ToCoNet_vMacStart
                0x00000000000825c5                mwx::L1::duplciate_checker::_node_ele_init(mwx::L1::duplciate_checker::_node_ele*)
                0x00000000000825e4                _ZN3mwx2L113serial_parserINS0_10alloc_heapIhEEEC1Ev.local.142
                0x0000000000082606                _ZN3mwx2L16twenetC1Ev.local.146
                0x000000000008268e                _ZN3mwx2L110serial_jenC1Eh.local.166
                0x00000000000826be                _ZN3mwx2L115periph_analogueC1Ev.local.180
                0x00000000000826e9                _ZN3mwx2L112appdefs_virt8on_eventEmRm.local.188
                0x00000000000826fb                _ZN3mwx2L112appdefs_virt18cbToCoNet_vTxEventERNS0_12packet_ev_txE.local.191
                0x000000000008270d                _ZN3mwx2L112appdefs_virt19cbToCoNet_vNwkEventERNS0_13packet_ev_nwkE.local.193
                0x000000000008271f                _ZN3mwx2L112appdefs_virt5setupEv.local.195
                0x000000000008273d                _ZN3mwx2L18settings10find_by_idEh.local.277
                0x0000000000082770                _ZN3mwx2L18settings12element_type9get_valueEv.local.279
                0x0000000000082784                _ZN3mwx2L112StgsStandard7u8retryEv.local.269
                0x00000000000827aa                _ZN3mwx2L112StgsStandard9is_hiddenE14E_STGSTD_SETID.isra.16.2474
 .text.unlikely
                0x00000000000827e8       0x60 C:\Users\hirar\AppData\Local\Temp\cciSuIb8.ltrans0.ltrans.o
                0x00000000000827e8                PRSEV_u8Register
                0x0000000000082826                _PRSEV_vProcessEvSingleH
                0x0000000000082836                _ZN3mwx2L112appdefs_virt18cbToCoNet_vRxEventERNS0_9packet_rxE.local.192
 *fill*         0x0000000000082848        0x0 00
 .text          0x0000000000082848      0xac0 C:\Users\hirar\AppData\Local\Temp\cciSuIb8.ltrans1.ltrans.o
                0x0000000000082848                vPMICassocReqTO_1.19339
                0x00000000000828d0                vTAMDEstartSync
                0x000000000008294f                eTAMselect
                0x0000000000082a90                MAC_pvCtor
                0x0000000000082eab                u32AppApiDefInit
                0x0000000000082f60                _ToCoNet_vMacInit
                0x0000000000082fc6                _ToCoNet_vRfConfig
                0x0000000000083108                vDeterminePowerState.24164
                0x000000000008318f                vTAMDEint1FiredTrackingBeacon
                0x000000000008322f                vTAMDEint2FiredTrackingDR
                0x0000000000083254                vTAMDEframeTXtrackingDR
                0x00000000000832ae                vTAMDEint2FiredPollActive
                0x00000000000832e2                vTAMDEreqTXnullTrackingCAP
                0x00000000000832fb                vTAM_TxRetryTimer
 .text          0x0000000000083308      0x9c1 C:\Users\hirar\AppData\Local\Temp\cciSuIb8.ltrans2.ltrans.o
                0x0000000000083308                UART_vHandleUartInterrupt.13344
                0x00000000000835dd                vXCV_IntHandlerPhy
                0x000000000008368f                vScanHandleTimer.20515
                0x0000000000083695                _ZN3mwx2L114processev_crtpINS0_9NwkSimpleEE14vProcessEvCoreEP8_tsEvent7teEventm.local.287
                0x0000000000083748                vXCV_IntHandlerBbc
                0x00000000000837eb                _ZL13s_appLoadDatahhh.6141
                0x0000000000083af6                TWENVM_bErase
                0x0000000000083b07                u32AHI_ReadIndexSectorBits.constprop.315
                0x0000000000083b68                vTAIsetCapTime
                0x0000000000083b89                vTAIsetRxEnableTime
                0x0000000000083baa                vDoGoActive.27206
                0x0000000000083bcc                vTAMRXEint2Fired
                0x0000000000083c04                _ZN3mwx2L115periph_analogue5setupEbhPFvvE.local.179.constprop.368
                0x0000000000083c9e                _ZL5delaym.6146
 .text          0x0000000000083cc9      0xb2e C:\Users\hirar\AppData\Local\Temp\cciSuIb8.ltrans3.ltrans.o
                0x0000000000083cc9                vTACintRXheader
                0x00000000000844c4                vTAMCOreqTXinCAP
                0x00000000000844ea                vTrySendFromDirectCAP.23497
                0x0000000000084507                vTrySendFromDirectNoBeacon.23501
                0x0000000000084534                vTAMCOint1Fired
                0x0000000000084650                vTAMCOstartBeacon
                0x000000000008468b                vStartStoreValues.23565
                0x0000000000084742                bStartCallback.23594
                0x0000000000084771                vTAMCOint1FiredCAP
                0x00000000000847e5                vTAMCOreqTXnoBeacon
 .text          0x00000000000847f7      0xd03 C:\Users\hirar\AppData\Local\Temp\cciSuIb8.ltrans4.ltrans.o
                0x00000000000847f7                TSV_eStart
                0x00000000000848db                eTAStransmitRequest
                0x0000000000084c76                vTAM_MCPSdataRequest
                0x0000000000084cb9                bTACcheckPANconflict
                0x0000000000084d72                TSV_eOpen
                0x0000000000084d7a                vAppApiDefRestoreMacSettings
                0x0000000000084e4b                vAppApiDefSaveMacSettings
                0x0000000000084ea8                mac_vLPBSleep
                0x0000000000084f66                pvAppApiDefGetMacAddrLocation
                0x0000000000084f6f                eAppApiDefPlmeGet
                0x0000000000084fc1                eAppApiDefPlmeSet
                0x000000000008501a                vAppApiDefMcpsRequest
                0x0000000000085045                vHnd_E_STATE_PREPARE_TX.11236
 *fill*         0x00000000000854fa        0x2 00
 .text          0x00000000000854fc      0xb64 C:\Users\hirar\AppData\Local\Temp\cciSuIb8.ltrans5.ltrans.o
                0x00000000000854fc                eWBRTTxDone.20915
                0x000000000008551a                vTAMCOframeTXgoingIdle
                0x0000000000085533                vTAMCOframeTXcap
                0x0000000000085557                vTAMDEframeTXDEnull
                0x000000000008557a                vTAMDEframeTXtrackingCAPgts
                0x00000000000855a6                vTAMCOframeTXnobeacon
                0x00000000000855bb                vTAMCOframeStarting
                0x00000000000855d4                eWCoRRxDone.20906
                0x000000000008567e                eWBcnRxDone.20918
                0x000000000008584e                bTACprocessFrameRXcomplete
                0x0000000000085c6a                vTAMCOframeTXbeacon
                0x0000000000085d31                vTAMDEframeRXsyncReq
                0x0000000000085f80                vTAMDEint1FiredTrackingCAPgts
                0x0000000000086031                eWONTTxDone.20912
 .text          0x0000000000086060      0x75c C:\Users\hirar\AppData\Local\Temp\cciSuIb8.ltrans6.ltrans.o
                0x00000000000860f2                vHnd_E_STATE_RUNNING.11257
                0x000000000008633c                SERIAL_vTxReady
                0x000000000008639d                vHnd_E_STATE_FINISH_TX_FAIL.11226
                0x0000000000086453                vHnd_E_STATE_FINISH_TX_SUCCESS.11231
                0x00000000000864e5                _ZN3mwx2L110serial_jen6_beginEv.part.22.3699
                0x000000000008676a                TWESTG_cbu32SaveSetting.constprop.347
 .text.unlikely
                0x00000000000867bc      0x181 C:\Users\hirar\AppData\Local\Temp\cciSuIb8.ltrans6.ltrans.o
                0x0000000000086835                bStartXtal32k.31273
 .text          0x000000000008693d      0x7a5 C:\Users\hirar\AppData\Local\Temp\cciSuIb8.ltrans7.ltrans.o
                0x000000000008693d                TWEINTCT_vProcessInputByte_settings
                0x0000000000086e98                TWEINTCT_vProcessInputByte_defmenus
                0x0000000000086f76                TWEINTCT_vProcessInputByte_nvmutils
 .text          0x00000000000870e2      0xa42 C:\Users\hirar\AppData\Local\Temp\cciSuIb8.ltrans8.ltrans.o
                0x00000000000870e2                mac_vLPBStartTimer
                0x0000000000087435                vTimerCallback.31249
                0x00000000000874ab                EEP_6x_bRW_core.32632
                0x0000000000087618                pvHeap_Alloc
                0x000000000008761a                operator new(unsigned long)
                0x000000000008763d                u32AHI_Init
                0x00000000000876ff                vMicroIntRestoreState
                0x000000000008770b                vAHI_DoSetDataOut
                0x000000000008771f                bAHI_DoEnableOutputs
                0x0000000000087748                u8AHI_WakeTimerFiredStatus
                0x000000000008775c                vAHI_WakeTimerStop.part.3.31929
                0x000000000008777c                mac_vLPBStopTimer
                0x0000000000087786                vAHI_UartSetClocksPerBit.part.18.31725
                0x00000000000877ad                vAHI_UartSetRTSCTS.part.15.31710
                0x00000000000877d4                vAHI_UartReset.part.4.31683
                0x000000000008780c                vAHI_UartSetControl.part.2.31667
                0x000000000008785d                vAHI_UartSetBaudDivisor.part.1.31663
                0x000000000008789c                vAHI_WatchdogStop
                0x00000000000878b3                vAHI_CpuDoze
                0x00000000000878c6                vAHI_SwReset
                0x00000000000878f6                _ZN3mwx2L120periph_pulse_counter10_on_wakeupEv.part.15.3680
                0x000000000008796c                u32AHI_DioWakeStatus
                0x000000000008797d                vAHI_DioWakeEdge
                0x000000000008799d                vAHI_DioSetPullup
                0x00000000000879bd                vAHI_DioSetOutput
                0x0000000000087a6c                _ZN3mwx2L112appdefs_crtpINS0_12BrdMonoStickEE15_cbTweNet_vMainEPv.local.258
                0x0000000000087aaf                _ZN3mwx2L116periph_led_timer5beginEh.local.267
                0x0000000000087ad2                _ZN3mwx2L112appdefs_crtpINS0_12BrdMonoStickEE18_cbTweNet_vRxEventEPvRNS0_9packet_rxE.local.265
                0x0000000000087af1                _ZN3mwx2L112appdefs_crtpINS0_12BrdMonoStickEE18_cbTweNet_vTxEventEPvRNS0_12packet_ev_txE.local.266
                0x0000000000087b10                vAHI_DioSetDirection
 .text.unlikely
                0x0000000000087b24       0x11 C:\Users\hirar\AppData\Local\Temp\cciSuIb8.ltrans8.ltrans.o
                0x0000000000087b24                vStartXtal32kExternalRc.31263
 .text          0x0000000000087b35      0xa27 C:\Users\hirar\AppData\Local\Temp\cciSuIb8.ltrans9.ltrans.o
                0x0000000000087b4a                vExpireHead.30467
                0x0000000000087b7a                MWX_DebugMsg
                0x0000000000087bc8                bAHI_SetClockRate
                0x0000000000087cd3                bAES_CCM_DecodeKey
                0x0000000000087d8f                QUEUE__u8RemoveItem.part.1.13419
                0x0000000000087dca                QUEUE__vAddItem.constprop.440
                0x0000000000087dfc                _ZN3mwx2L112appdefs_crtpINS0_9NwkSimpleEE18_cbTweNet_vRxEventEPvRNS0_9packet_rxE.local.285
                0x00000000000884bf                ToCoNet_ChMgr_vCh_TxFin
                0x00000000000884ec                vHnd_E_STATE_WAIT_TX.11249
 .text.unlikely
                0x000000000008855c       0x45 C:\Users\hirar\AppData\Local\Temp\cciSuIb8.ltrans9.ltrans.o
                0x000000000008855c                vAHI_MemoryHold.31363
 *fill*         0x00000000000885a1        0x3 00
 .text          0x00000000000885a4      0xa84 C:\Users\hirar\AppData\Local\Temp\cciSuIb8.ltrans10.ltrans.o
                0x00000000000885a4                vPostDcfm.20902
                0x0000000000088678                AppWarmStart
                0x0000000000088748                vSetNextChannel.20950
                0x00000000000887a1                MAC_vHandleMlmeReqRsp
                0x0000000000088f51                vTAMDEint1FiredTracking
                0x0000000000088fc1                vTAMDEint1FiredSyncReq
 .text          0x0000000000089028      0x53c C:\Users\hirar\AppData\Local\Temp\cciSuIb8.ltrans11.ltrans.o
                0x0000000000089028                AppColdStart
 .text.unlikely
                0x0000000000089564      0x43b C:\Users\hirar\AppData\Local\Temp\cciSuIb8.ltrans11.ltrans.o
                0x0000000000089564                ToCoNet_vStart
 .text          0x000000000008999f      0x98e C:\Users\hirar\AppData\Local\Temp\cciSuIb8.ltrans12.ltrans.o
                0x000000000008999f                vAppQApiPostHwIntT.11901
                0x0000000000089a72                TWETERM_iGetC.15470
                0x0000000000089ad5                vRxChar.13242
                0x0000000000089b26                cbToCoNet_vTxEvent
                0x0000000000089c0b                TWE_fprintf
                0x0000000000089c48                MWX_Panic
                0x0000000000089cb4                s_bDumpSector.14771
                0x0000000000089d2b                TWEINTCT_vProcessInputString_nvmutils
                0x0000000000089f20                cbAppColdStart.part.31.4132
                0x000000000008a107                _ZN3mwx2L114periph_twowireILi32EE9busy_waitEv.isra.6.10031
                0x000000000008a150                _ZN3mwx2L114periph_twowireILi32EE11cmd_tx_stopEv.isra.10.10035
                0x000000000008a16f                _ZN3mwx2L114periph_twowireILi32EE17beginTransmissionEh.local.27
                0x000000000008a1a3                _ZN3mwx2L114periph_twowireILi32EE14cmd_tx_no_stopEv.isra.11.10037
                0x000000000008a1c2                _ZN3mwx2L110serial_jen13_set_baudrateEt.isra.2.3653
                0x000000000008a273                u8TAM_AES_WriteAuxilliarySecurityHeaderIntoBuffer
                0x000000000008a2e5                phy_ePibSet.part.1.22725
 .text          0x000000000008a32d      0x2ce C:\Users\hirar\AppData\Local\Temp\cciSuIb8.ltrans13.ltrans.o
                0x000000000008a32d                TWEINTCT_u32ProcessMenuEvent_settings
                0x000000000008a36a                TWEINTCT_u32ProcessMenuEvent_defmenus
                0x000000000008a391                TWEINTCT_u32ProcessMenuEvent_nvmutils
                0x000000000008a3b8                TWEINTRCT_vSerHeadLine
                0x000000000008a4e2                mwx::L1::StgsStandard::_setup()
                0x000000000008a5df                _ZN3mwx2L112appdefs_crtpINS0_12StgsStandardEE9_on_eventEPvmRm.local.288
 *fill*         0x000000000008a5fb        0x1 00
 .text          0x000000000008a5fc      0xa98 C:\Users\hirar\AppData\Local\Temp\cciSuIb8.ltrans14.ltrans.o
                0x000000000008a630                vProcessEvCoreTx.11218
                0x000000000008a6b5                TWESTGS_VLD_u32ChList
                0x000000000008a7d6                vMicroIntEnableOnly.constprop.441
                0x000000000008a802                _ToCoNet_bRfChChannel
                0x000000000008a897                ToCoNet_ChMgr_bCh_Reconfig
                0x000000000008a8ff                vHnd_E_STATE_IDLE.11241
                0x000000000008a963                vAHI_ProtocolPower.constprop.430
                0x000000000008a971                pinMode(unsigned char, mwx::L1::enum_wapper<PIN_MODE::eMWX_DIO_MODE, unsigned char>)
                0x000000000008aae8                _ZN3mwx2L112BrdMonoStick6_setupEv.isra.40.2501
                0x000000000008ab1e                _ZN3mwx2L16twenet5beginEv.local.171.constprop.402
                0x000000000008ab63                vAHI_TimerEnable.part.1.31464.constprop.393
                0x000000000008abce                vTimerStart
                0x000000000008ace7                vAHI_SiMasterConfigure.constprop.379
                0x000000000008ad1b                _ZN3mwx2L115periph_analogue10_adc_startEv.local.127.constprop.365
                0x000000000008ae04                u8HwEventHandler.10575
                0x000000000008aea9                mwx::L1::periph_analogue::ADC_handler(unsigned long, unsigned long)
                0x000000000008aef0                TWEINTRCT_vSerFootLine.constprop.346
                0x000000000008af94                _ZN3mwx2L16streamINS0_10serial_jenEElsEONS0_10mwx_formatE.local.28
                0x000000000008afc8                bAES_CCMstar
 .text          0x000000000008b094      0x9f3 C:\Users\hirar\AppData\Local\Temp\cciSuIb8.ltrans15.ltrans.o
                0x000000000008b1f4                bAES_CCM_EncodeKey
                0x000000000008b2a1                bTAM_AES_CCMstarPatch
                0x000000000008b3e5                bTAM_AES_CCMstarPatch2006
                0x000000000008b4ec                vWriteFrame.25742
                0x000000000008b6c4                bTATsendFrame
                0x000000000008b717                vTrySendUnslotted.24042
                0x000000000008b730                bSendDataRequest.24044
                0x000000000008b842                bProcessBeaconRX.24047
                0x000000000008b913                _ZN3mwx2L110serial_jen10_on_wakeupEv.part.24.3730
                0x000000000008b98d                _MWX_periph_init()
 .text          0x000000000008ba87      0x989 C:\Users\hirar\AppData\Local\Temp\cciSuIb8.ltrans16.ltrans.o
                0x000000000008ba87                ToCoNet_vMain
 .text          0x000000000008c410      0x53e C:\Users\hirar\AppData\Local\Temp\cciSuIb8.ltrans17.ltrans.o
                0x000000000008c43c                TWEINTCT_vProcessInputByte_hw(_TWEINTRCT_sContext*, short)
 .text          0x000000000008c94e      0x538 C:\Users\hirar\AppData\Local\Temp\cciSuIb8.ltrans18.ltrans.o
                0x000000000008c94e                _ZN3mwx2L112appdefs_crtpINS0_12StgsStandardEE15_cbTweNet_vMainEPv.local.291
                0x000000000008ce2d                TWEINTCT_vSerUpdateScreen_hw(_TWEINTRCT_sContext*)
                0x000000000008ce81                TWEINTCT_vSerUpdateScreen_settings
 .text          0x000000000008ce86      0x9d0 C:\Users\hirar\AppData\Local\Temp\cciSuIb8.ltrans19.ltrans.o
                0x000000000008ce86                _ZN3mwx2L112appdefs_crtpINS0_12BrdMonoStickEE9_on_eventEPvmRm.local.260
                0x000000000008cef4                TWESYSUTL_vWaitPoll
                0x000000000008cf94                vMLMEbeaconNotify
                0x000000000008d0f2                bAHI_ReadMACID
                0x000000000008d138                vMCPSframeReceived
                0x000000000008d1fb                XCV_vCtor.constprop.428
                0x000000000008d360                vTAMRXEsetPhy
                0x000000000008d423                vTAHsetPhyState
                0x000000000008d453                vTAMCOint2Fired
                0x000000000008d473                vSetPHYfromMacValue.24040
                0x000000000008d4a5                vTAMDEint1FiredWaitDR
                0x000000000008d4b2                vTACsetPHYfromMacValue
                0x000000000008d4d3                vTAMRXEsetReceiveForPibChange
                0x000000000008d513                ToCoNet_vInit
 .text.unlikely
                0x000000000008d856       0x29 C:\Users\hirar\AppData\Local\Temp\cciSuIb8.ltrans19.ltrans.o
                0x000000000008d856                _ZNK3mwx2L18_smplbufIhNS0_12alloc_attachIhEEEixEi.local.232
                0x000000000008d870                u32AppQApiInitInt_PATCH
 .text          0x000000000008d87f      0x6c6 C:\Users\hirar\AppData\Local\Temp\cciSuIb8.ltrans20.ltrans.o
                0x000000000008d9bd                vProcessEvCoreMac
                0x000000000008da25                setup()
 .text          0x000000000008df45      0xad4 C:\Users\hirar\AppData\Local\Temp\cciSuIb8.ltrans21.ltrans.o
                0x000000000008df45                vAHI_IntHandlerAnalogPeriph
                0x000000000008df65                vTTIBLETimerExpired
                0x000000000008df70                vACI_CmdWaitBusy
                0x000000000008dfd4                vACI_OptimisedCcmStar
                0x000000000008e1ec                vTAIdisableInterrupt
                0x000000000008e205                vUpdateRegisters.30512
                0x000000000008e24c                psRemove.part.0.30462
                0x000000000008e27b                vMAC_MISCpollConfirm
                0x000000000008e2ac                MAC_u8AclFindInfo
                0x000000000008e3d6                vTASretrieveSecurity
                0x000000000008e3f8                MAC_bLookUpKeyDescriptor.28014
                0x000000000008e472                u8TSCframeIncrease
                0x000000000008e4ab                vTSCpostTransmitUpdate
                0x000000000008e4db                vCopyToDataFromMacAddr.27924
                0x000000000008e50e                bTSCgetOutgoingInfo
                0x000000000008e617                vDoGoOff.27204
                0x000000000008e631                psTAQsearchFifo
                0x000000000008e67a                bTAQremoveFromFifo
                0x000000000008e6b7                vTTITransactionTimerExpired
                0x000000000008e6e0                vTAMinsertEvent
                0x000000000008e746                vTTITimer2Expired
                0x000000000008e74a                vTTITimer1Expired
                0x000000000008e74e                vTAM_TxRetryTimeout
                0x000000000008e752                vTACsetTxFrameDefaults
                0x000000000008e778                u8TACgetHeaderSize
                0x000000000008e7b5                bUpdateTime.26242
                0x000000000008e7f0                vTACbuildBeacon
                0x000000000008e9f8                u32TACpayloadToU32M
 *fill*         0x000000000008ea19        0x3 00
 .text          0x000000000008ea1c      0x658 C:\Users\hirar\AppData\Local\Temp\cciSuIb8.ltrans22.ltrans.o
                0x000000000008ea1c                TWEINTCT_vSerUpdateScreen_nvmutils
                0x000000000008eb3d                TWEINTCT_vSerUpdateScreen_defmenus
                0x000000000008ec90                s_TWEINTCT_vSerUpdateScreen_settings.14169
 .text          0x000000000008f074      0x754 C:\Users\hirar\AppData\Local\Temp\cciSuIb8.ltrans23.ltrans.o
                0x000000000008f074                mac_vLPBAdjustBeaconOffset
                0x000000000008f0d1                mac_u32LPBGetBeaconTimeout
                0x000000000008f0da                eWEnDTmrExpiry.20899
                0x000000000008f0e5                eWEnDEdDone.20896
                0x000000000008f140                eGenlDontCare.20893
                0x000000000008f145                eGenlIllegal.20518
                0x000000000008f14c                u32GetTimer0
                0x000000000008f153                vSetTimer0
                0x000000000008f162                vTACu32ToPayloadM
                0x000000000008f17a                bTACframeInProgress
                0x000000000008f1a4                bTACassessBeaconForPayload
                0x000000000008f1f5                bIsBbcSafeForTx
                0x000000000008f22a                vTATwriteAclMaterialToHardware
                0x000000000008f24f                vTATsetBLE
                0x000000000008f286                vTATgetFramePayload
                0x000000000008f2a3                eTATreadTXstatus
                0x000000000008f2e9                vTAHsetPhyStateDirect.part.0.25383
                0x000000000008f305                vMEMreturn
                0x000000000008f376                vTACinformOriginator
                0x000000000008f398                pvMEMget
                0x000000000008f3c4                vTAMDEdetermineNullState
                0x000000000008f3de                vTAMCOupdatePendingList
                0x000000000008f4b0                vTAMCOsetCoordinator
                0x000000000008f4d6                vPhySetChannel
                0x000000000008f4ef                eScanHandleEvt.part.0.20929
                0x000000000008f518                mac_eDcfmIndPost
                0x000000000008f539                mac_psDcfmIndGetBuf
                0x000000000008f55a                vMLMErxEnableConfirm
                0x000000000008f58c                vMLMEcommStatus
                0x000000000008f5ef                vMLMEcommStatusFromFrame
                0x000000000008f633                vMLMEsyncLoss
                0x000000000008f666                vPMICpostFailedAssocDcfm
                0x000000000008f69e                vPMICassocReqTO_2.19346
                0x000000000008f6b5                MAC_vPibSetPanId
                0x000000000008f6d0                vHandleTofRequest.17452
                0x000000000008f6d3                vAppApiDefSetPrbsSeed
                0x000000000008f6f7                TWE_CRC8_u8CalcU32
                0x000000000008f734                fctprintf
                0x000000000008f75e                _ZN3mwx2L111_printobj_2IiiE9_do_printEPvPFvcS3_ES3_.local.115
                0x000000000008f775                _ZN3mwx2L111_printobj_1IhE9_do_printEPvPFvcS3_ES3_.local.114
                0x000000000008f789                _ZN3mwx2L111_printobj_2IhhE9_do_printEPvPFvcS3_ES3_.local.113
                0x000000000008f7a0                snprintf_
 .text          0x000000000008f7c8      0x9d5 C:\Users\hirar\AppData\Local\Temp\cciSuIb8.ltrans24.ltrans.o
                0x000000000008f7c8                _ftoa.15645
                0x000000000008fb38                _vsnprintf
 *fill*         0x000000000009019d        0x3 00
 .text          0x00000000000901a0      0x704 C:\Users\hirar\AppData\Local\Temp\cciSuIb8.ltrans25.ltrans.o
                0x00000000000901a0                eGenTmrExpiry.21211
                0x00000000000901e2                eWEDTEdDone.21214
                0x0000000000090206                TSV_eStop
                0x00000000000902c4                bPMICdisassocReqSent.19335
                0x000000000009037e                MAC_vHandleMcpsReqRsp
                0x000000000009040c                bMCPSframeTXcomplete.21946
                0x0000000000090461                bSendSyncLoss.26177
                0x0000000000090479                bPollReqSent.29773
                0x0000000000090491                bTASsendCommStatusInd
                0x00000000000904a6                bAssocRespSent.19331
                0x00000000000904b9                eTACprocessFrameTXcomplete
                0x0000000000090635                bPMICassocReqSent.19327
                0x00000000000906b7                bPMICassocReqPollSent.19342
                0x000000000009070b                eWChCChanChgd.20926
 .text          0x00000000000908a4      0x470 C:\Users\hirar\AppData\Local\Temp\cciSuIb8.ltrans26.ltrans.o
                0x00000000000908a4                _ZN3mwx2L114periph_twowireILi32EE8_init_hwEb.isra.20.6211.constprop.348
                0x00000000000908d5                vTimerConfig
                0x0000000000090ae1                cbAppWarmStart.part.28.4032
 .text          0x0000000000090d14       0xb5 C:\Users\hirar\AppData\Local\Temp\cciSuIb8.ltrans27.ltrans.o
                0x0000000000090d14                TWEINTRCT_u32MenuOpKey
 .text          0x0000000000090dc9      0x3bf C:\Users\hirar\AppData\Local\Temp\cciSuIb8.ltrans28.ltrans.o
                0x0000000000090e14                vAHI_IntHandlerTickTimer
                0x0000000000090e5b                SERIAL_bTxChar
                0x0000000000090f0c                TWETERM_iPutS.15462
                0x0000000000090f31                TWETERM_iPutC.15466
                0x0000000000090f42                TWETERM_vFlush.15439
                0x0000000000090fc0                eGenRxHdrDone.20909
                0x0000000000090fd0                _ZN3mwx2L110serial_jen5writeEi.local.31
                0x0000000000090ff2                _ZN3mwx2L16streamINS0_10serial_jenEElsERNS0_18MWX_Stream_EndLineE.isra.8.6317
                0x000000000009100a                _ZN3mwx2L16streamINS0_10serial_jenEE6_printEPKc.local.20
                0x000000000009102b                TWEINTRCT_cbu32GenericHandler
 .text          0x0000000000091188       0xc2 C:\Users\hirar\AppData\Local\Temp\cciSuIb8.ltrans29.ltrans.o
                0x0000000000091188                vTAMCOframeRXcap
                0x000000000009119b                vTAMCOframeRXgoingIdle
                0x00000000000911b1                vTAMCOframeRXnobeacon
                0x00000000000911c4                vTAMDEframeRX
                0x00000000000911ed                vTAMDEframePreSyncReq
                0x0000000000091206                vTAMDEframeRXtrackingDR
 .text          0x000000000009124a       0x34 C:\Users\hirar\AppData\Local\Temp\cciSuIb8.ltrans30.ltrans.o
                0x000000000009124a                vAppApiDefMlmeRequest
                0x0000000000091275                pvAppApiDefGetMacHandle
 *fill*         0x000000000009127e        0x2 00
 .text.unlikely
                0x0000000000091280      0x318 C:\Users\hirar\AppData\Local\Temp\cciSuIb8.ltrans30.ltrans.o
                0x000000000009129d                vProcessIncomingHwEvent.10744
 .text          0x0000000000091598       0x25 c:/users/hirar/documents/mwstage/tools/ba-elf-ba2-r36379.w10/bin/../lib/gcc/ba-elf/4.7.4/../../../../ba-elf/lib/mcpu_jn51xx_sizeopt\libc.a(lib_a-memcmp.o)
                0x0000000000091598                memcmp
 .text          0x00000000000915bd       0x19 c:/users/hirar/documents/mwstage/tools/ba-elf-ba2-r36379.w10/bin/../lib/gcc/ba-elf/4.7.4/../../../../ba-elf/lib/mcpu_jn51xx_sizeopt\libc.a(lib_a-memcpy.o)
 .text          0x00000000000915d6       0x12 c:/users/hirar/documents/mwstage/tools/ba-elf-ba2-r36379.w10/bin/../lib/gcc/ba-elf/4.7.4/../../../../ba-elf/lib/mcpu_jn51xx_sizeopt\libc.a(lib_a-strlen.o)
                0x00000000000915d6                strlen
 .text          0x00000000000915e8      0x204 c:/users/hirar/documents/mwstage/tools/ba-elf-ba2-r36379.w10/bin/../lib/gcc/ba-elf/4.7.4/mcpu_jn51xx_sizeopt\libgcc.a(__udivsi3.o)
                0x00000000000915e8                __udivsi3
 .text          0x00000000000917ec       0x30 c:/users/hirar/documents/mwstage/tools/ba-elf-ba2-r36379.w10/bin/../lib/gcc/ba-elf/4.7.4/mcpu_jn51xx_sizeopt\libgcc.a(__divsi3.o)
                0x00000000000917ec                __divsi3
 .text          0x000000000009181c      0x1b0 c:/users/hirar/documents/mwstage/tools/ba-elf-ba2-r36379.w10/bin/../lib/gcc/ba-elf/4.7.4/mcpu_jn51xx_sizeopt\libgcc.a(__umodsi3.o)
                0x000000000009181c                __umodsi3
 .text          0x00000000000919cc       0x24 c:/users/hirar/documents/mwstage/tools/ba-elf-ba2-r36379.w10/bin/../lib/gcc/ba-elf/4.7.4/mcpu_jn51xx_sizeopt\libgcc.a(__modsi3.o)
                0x00000000000919cc                __modsi3
 .text          0x00000000000919f0       0x2f c:/users/hirar/documents/mwstage/tools/ba-elf-ba2-r36379.w10/bin/../lib/gcc/ba-elf/4.7.4/mcpu_jn51xx_sizeopt\libgcc.a(_fixunssfsi.o)
                0x00000000000919f0                __fixunssfsi
 .text          0x0000000000091a1f       0x39 c:/users/hirar/documents/mwstage/tools/ba-elf-ba2-r36379.w10/bin/../lib/gcc/ba-elf/4.7.4/mcpu_jn51xx_sizeopt\libgcc.a(_fixunsdfsi.o)
                0x0000000000091a1f                __fixunsdfsi
 .text          0x0000000000091a58      0x350 c:/users/hirar/documents/mwstage/tools/ba-elf-ba2-r36379.w10/bin/../lib/gcc/ba-elf/4.7.4/mcpu_jn51xx_sizeopt\libgcc.a(_udivdi3.o)
                0x0000000000091a58                __udivdi3
 .text          0x0000000000091da8      0x312 c:/users/hirar/documents/mwstage/tools/ba-elf-ba2-r36379.w10/bin/../lib/gcc/ba-elf/4.7.4/mcpu_jn51xx_sizeopt\libgcc.a(_umoddi3.o)
                0x0000000000091da8                __umoddi3
 .text          0x00000000000920ba       0xac c:/users/hirar/documents/mwstage/tools/ba-elf-ba2-r36379.w10/bin/../lib/gcc/ba-elf/4.7.4/mcpu_jn51xx_sizeopt\libgcc.a(gesf2.o)
                0x00000000000920ba                __gesf2
                0x00000000000920ba                __gtsf2
 .text          0x0000000000092166       0xac c:/users/hirar/documents/mwstage/tools/ba-elf-ba2-r36379.w10/bin/../lib/gcc/ba-elf/4.7.4/mcpu_jn51xx_sizeopt\libgcc.a(lesf2.o)
                0x0000000000092166                __ltsf2
                0x0000000000092166                __lesf2
 .text          0x0000000000092212      0x3a2 c:/users/hirar/documents/mwstage/tools/ba-elf-ba2-r36379.w10/bin/../lib/gcc/ba-elf/4.7.4/mcpu_jn51xx_sizeopt\libgcc.a(subsf3.o)
                0x0000000000092212                __subsf3
 .text          0x00000000000925b4       0x3c c:/users/hirar/documents/mwstage/tools/ba-elf-ba2-r36379.w10/bin/../lib/gcc/ba-elf/4.7.4/mcpu_jn51xx_sizeopt\libgcc.a(unordsf2.o)
                0x00000000000925b4                __unordsf2
 .text          0x00000000000925f0       0x53 c:/users/hirar/documents/mwstage/tools/ba-elf-ba2-r36379.w10/bin/../lib/gcc/ba-elf/4.7.4/mcpu_jn51xx_sizeopt\libgcc.a(fixsfsi.o)
                0x00000000000925f0                __fixsfsi
 .text          0x0000000000092643      0x682 c:/users/hirar/documents/mwstage/tools/ba-elf-ba2-r36379.w10/bin/../lib/gcc/ba-elf/4.7.4/mcpu_jn51xx_sizeopt\libgcc.a(adddf3.o)
                0x0000000000092643                __adddf3
 *fill*         0x0000000000092cc5        0x3 00
 .text          0x0000000000092cc8      0x5c8 c:/users/hirar/documents/mwstage/tools/ba-elf-ba2-r36379.w10/bin/../lib/gcc/ba-elf/4.7.4/mcpu_jn51xx_sizeopt\libgcc.a(divdf3.o)
                0x0000000000092cc8                __divdf3
 .text          0x0000000000093290       0x7f c:/users/hirar/documents/mwstage/tools/ba-elf-ba2-r36379.w10/bin/../lib/gcc/ba-elf/4.7.4/mcpu_jn51xx_sizeopt\libgcc.a(eqdf2.o)
                0x0000000000093290                __nedf2
                0x0000000000093290                __eqdf2
 .text          0x000000000009330f       0xca c:/users/hirar/documents/mwstage/tools/ba-elf-ba2-r36379.w10/bin/../lib/gcc/ba-elf/4.7.4/mcpu_jn51xx_sizeopt\libgcc.a(gedf2.o)
                0x000000000009330f                __gedf2
                0x000000000009330f                __gtdf2
 .text          0x00000000000933d9       0xcb c:/users/hirar/documents/mwstage/tools/ba-elf-ba2-r36379.w10/bin/../lib/gcc/ba-elf/4.7.4/mcpu_jn51xx_sizeopt\libgcc.a(ledf2.o)
                0x00000000000933d9                __ledf2
                0x00000000000933d9                __ltdf2
 .text          0x00000000000934a4      0x488 c:/users/hirar/documents/mwstage/tools/ba-elf-ba2-r36379.w10/bin/../lib/gcc/ba-elf/4.7.4/mcpu_jn51xx_sizeopt\libgcc.a(muldf3.o)
                0x00000000000934a4                __muldf3
 .text          0x000000000009392c      0x693 c:/users/hirar/documents/mwstage/tools/ba-elf-ba2-r36379.w10/bin/../lib/gcc/ba-elf/4.7.4/mcpu_jn51xx_sizeopt\libgcc.a(subdf3.o)
                0x000000000009392c                __subdf3
 .text          0x0000000000093fbf       0x64 c:/users/hirar/documents/mwstage/tools/ba-elf-ba2-r36379.w10/bin/../lib/gcc/ba-elf/4.7.4/mcpu_jn51xx_sizeopt\libgcc.a(fixdfsi.o)
                0x0000000000093fbf                __fixdfsi
 .text          0x0000000000094023       0x61 c:/users/hirar/documents/mwstage/tools/ba-elf-ba2-r36379.w10/bin/../lib/gcc/ba-elf/4.7.4/mcpu_jn51xx_sizeopt\libgcc.a(floatsidf.o)
                0x0000000000094023                __floatsidf
 .text          0x0000000000094084       0x4f c:/users/hirar/documents/mwstage/tools/ba-elf-ba2-r36379.w10/bin/../lib/gcc/ba-elf/4.7.4/mcpu_jn51xx_sizeopt\libgcc.a(floatunsidf.o)
                0x0000000000094084                __floatunsidf
 .text          0x00000000000940d3       0x27 C:/Users/hirar/Documents/MWSTAGE/MWSDK/ChipLib/SW4063V1416/Components/Library\libHardwareApi_JN516x.a(AHI_Interrupt.o)
                0x00000000000940d3                vAHI_InterruptSetPriority
                0x00000000000940f1                vAHI_InterruptSetActivePriorityLevel
 .text.vMicroSyscall
                0x00000000000940fa       0x17 C:/Users/hirar/Documents/MWSTAGE/MWSDK/ChipLib/SW4063V1416/Components/Library\libMicroSpecific_JN516x.a(MicroSyscall_ba.o)
                0x00000000000940fa                vMicroSyscall
 .text          0x0000000000094111       0x12 c:/users/hirar/documents/mwstage/tools/ba-elf-ba2-r36379.w10/bin/../lib/gcc/ba-elf/4.7.4/../../../../ba-elf/lib/mcpu_jn51xx_sizeopt\libc.a(lib_a-memset.o)
                0x0000000000094111                memset
                0x0000000000094123                _flash_end = ABSOLUTE (.)

.rela.dyn       0x0000000000094124        0x0
 .rela.text     0x0000000000000000        0x0 C:\Users\hirar\AppData\Local\Temp\cciSuIb8.ltrans0.ltrans.o
 .rela.text.unlikely
                0x0000000000000000        0x0 C:\Users\hirar\AppData\Local\Temp\cciSuIb8.ltrans0.ltrans.o
 .rela.rodata   0x0000000000000000        0x0 C:\Users\hirar\AppData\Local\Temp\cciSuIb8.ltrans0.ltrans.o
 .rela.data     0x0000000000000000        0x0 C:\Users\hirar\AppData\Local\Temp\cciSuIb8.ltrans0.ltrans.o
                0x000000000400004c                . = ORIGIN (ram)

.data           0x000000000400004c       0x3c load address 0x0000000000094124
                0x000000000400004c                _ram_data_start = ABSOLUTE (.)
 *(.data*)
 .data          0x000000000400004c        0x1 C:\Users\hirar\AppData\Local\Temp\cciSuIb8.ltrans1.ltrans.o
 .data.initinboot
                0x000000000400004d        0x1 C:\Users\hirar\AppData\Local\Temp\cciSuIb8.ltrans1.ltrans.o
                0x000000000400004d                gMAC_u8MaxBuffers
 .data          0x000000000400004e        0x1 C:\Users\hirar\AppData\Local\Temp\cciSuIb8.ltrans4.ltrans.o
                0x000000000400004e                u8TxWkrNow.11359
 *fill*         0x000000000400004f        0x1 00
 .data          0x0000000004000050        0x4 C:\Users\hirar\AppData\Local\Temp\cciSuIb8.ltrans8.ltrans.o
                0x0000000004000050                u32HeapStart
 .data          0x0000000004000054        0x1 C:\Users\hirar\AppData\Local\Temp\cciSuIb8.ltrans12.ltrans.o
                0x0000000004000054                _toconet_tx_u8_init_queue_flag
 *fill*         0x0000000004000055        0x1 00
 .data          0x0000000004000056        0x2 C:\Users\hirar\AppData\Local\Temp\cciSuIb8.ltrans16.ltrans.o
 .data.initinboot
                0x0000000004000058        0x8 C:\Users\hirar\AppData\Local\Temp\cciSuIb8.ltrans19.ltrans.o
 .data          0x0000000004000060       0x28 C:\Users\hirar\AppData\Local\Temp\cciSuIb8.ltrans20.ltrans.o
                0x0000000004000060                INTRCT_USER_APP_NAME
                0x0000000004000064                INTRCT_USER_APP_ID
                0x0000000004000068                SETSTD_CUST_COMMON
 *(.data.*)
                0x0000000004000088                . = ALIGN (0x4)
                0x0000000004000088                _ram_data_end = ABSOLUTE (.)

.bss            0x0000000004000088     0x183c load address 0x0000000000094160
                0x0000000004000088                _bss_start = ABSOLUTE (.)
 *(.bss*)
 .bss           0x0000000004000088       0x20 C:\Users\hirar\AppData\Local\Temp\cciSuIb8.ltrans1.ltrans.o
                0x0000000004000088                g_sXcv
                0x000000000400008c                prMcpsRequest.16339
                0x0000000004000090                prMlmeRequest.16338
                0x0000000004000094                prOriginalHandler.13221
 .bss.initinboot
                0x00000000040000a8        0x8 C:\Users\hirar\AppData\Local\Temp\cciSuIb8.ltrans1.ltrans.o
                0x00000000040000a8                g_u32MacAddrLocation
                0x00000000040000ac                prvUserTxStartedCallback
 .bss           0x00000000040000b0      0x138 C:\Users\hirar\AppData\Local\Temp\cciSuIb8.ltrans2.ltrans.o
                0x00000000040000b0                sAppHousekeeping
                0x00000000040000c8                prApAppCallback.31003
                0x00000000040000cc                bIntEnableFlag.31000
 .bss           0x00000000040001e8        0x8 C:\Users\hirar\AppData\Local\Temp\cciSuIb8.ltrans3.ltrans.o
 .bss           0x00000000040001f0       0x28 C:\Users\hirar\AppData\Local\Temp\cciSuIb8.ltrans4.ltrans.o
                0x00000000040001f0                sCh_Context.11778
                0x00000000040001f4                asTx.11315
 .bss.initinboot
                0x0000000004000218        0x1 C:\Users\hirar\AppData\Local\Temp\cciSuIb8.ltrans4.ltrans.o
 *fill*         0x0000000004000219        0x3 00
 .bss           0x000000000400021c       0x40 C:\Users\hirar\AppData\Local\Temp\cciSuIb8.ltrans5.ltrans.o
                0x000000000400021c                g_sLP
                0x0000000004000258                g_pvMac
 .bss.initinboot
                0x000000000400025c        0x4 C:\Users\hirar\AppData\Local\Temp\cciSuIb8.ltrans5.ltrans.o
 .bss           0x0000000004000260       0x5c C:\Users\hirar\AppData\Local\Temp\cciSuIb8.ltrans6.ltrans.o
                0x0000000004000260                TxWorker_u8Num.11316
                0x0000000004000261                gbTimeOutFlag.31436
                0x0000000004000264                prUart1AppCallback.31904
                0x0000000004000268                prUart0AppCallback.31903
                0x000000000400026c                sOpt.13393
 .bss           0x00000000040002bc       0x10 C:\Users\hirar\AppData\Local\Temp\cciSuIb8.ltrans7.ltrans.o
                0x00000000040002bc                _ZL9u8AppSlot.6813
                0x00000000040002bd                _ZL9u8AppKind.6814
                0x00000000040002be                _ZL10u8MenuMode.6862
                0x00000000040002c0                i_savct.14368
                0x00000000040002c4                i_defct.14366
                0x00000000040002c8                i_modct.14367
 .bss           0x00000000040002cc       0x10 C:\Users\hirar\AppData\Local\Temp\cciSuIb8.ltrans8.ltrans.o
 .bss.dontinitinboot
                0x00000000040002dc        0x4 C:\Users\hirar\AppData\Local\Temp\cciSuIb8.ltrans8.ltrans.o
 .bss           0x00000000040002e0       0x10 C:\Users\hirar\AppData\Local\Temp\cciSuIb8.ltrans9.ltrans.o
                0x00000000040002e0                pvPostFunc.10446
                0x00000000040002e4                u32PostArg.10445
                0x00000000040002e8                evPost.10444
 .bss           0x00000000040002f0       0x8c C:\Users\hirar\AppData\Local\Temp\cciSuIb8.ltrans10.ltrans.o
                0x00000000040002f0                _ZL5_vcbs.4274
                0x0000000004000300                sToCoNet_AppContext
                0x000000000400031c                sToCoNet_Context
                0x0000000004000364                sAssocSecurity.19956
                0x0000000004000370                g_bJenieBackwardsCompatibilityMode
 .bss           0x000000000400037c      0x1f4 C:\Users\hirar\AppData\Local\Temp\cciSuIb8.ltrans11.ltrans.o
                0x000000000400037c                u8AppId_Pkt_head.13090
                0x0000000004000380                u32AppId.13087
                0x0000000004000384                u32MyAddr.13089
                0x0000000004000388                bRxQueue_Init.13088
                0x000000000400038c                psRxQueueList.13086
                0x00000000040003a0                asEventHandler.10432
                0x0000000004000440                sEvVars
                0x000000000400045c                u32TickCount_ms
                0x0000000004000460                au8Txdatabuff_idx_sTxQueue
                0x0000000004000464                u8TxBuffSiz_sTxQueue
                0x0000000004000468                sTxdatabuff_sTxQueue
                0x000000000400046c                sTxQueue
                0x0000000004000488                au8Rxdatabuff_idx_sRxQueue
                0x000000000400048c                u8RxBuffSiz_sRxQueue
                0x0000000004000490                sRxdatabuff_sRxQueue
                0x0000000004000494                sRxQueue
                0x00000000040004b0                au8Rxdatabuff_idx_sRxQueueCmd
                0x00000000040004b4                u8RxBuffSiz_sRxQueueCmd
                0x00000000040004b8                sRxdatabuff_sRxQueueCmd
                0x00000000040004bc                sRxQueueCmd.10883
                0x00000000040004d8                sContext.13211
                0x0000000004000504                sToCoNet_Modules
 .bss           0x0000000004000570      0x614 C:\Users\hirar\AppData\Local\Temp\cciSuIb8.ltrans12.ltrans.o
                0x0000000004000570                prAppHwCallback.12146
 .bss           0x0000000004000b84       0x34 C:\Users\hirar\AppData\Local\Temp\cciSuIb8.ltrans13.ltrans.o
                0x0000000004000b84                _ZL6sFinal.6798
                0x0000000004000bb4                _psSerial
 .bss           0x0000000004000bb8        0x3 C:\Users\hirar\AppData\Local\Temp\cciSuIb8.ltrans14.ltrans.o
 *fill*         0x0000000004000bbb        0x1 00
 .bss           0x0000000004000bbc        0x8 C:\Users\hirar\AppData\Local\Temp\cciSuIb8.ltrans15.ltrans.o
 .bss.dontinitinboot
                0x0000000004000bc4        0x1 C:\Users\hirar\AppData\Local\Temp\cciSuIb8.ltrans15.ltrans.o
 *fill*         0x0000000004000bc5        0x3 00
 .bss           0x0000000004000bc8       0x74 C:\Users\hirar\AppData\Local\Temp\cciSuIb8.ltrans16.ltrans.o
                0x0000000004000bc8                sMcpsIndQueue.12140
                0x0000000004000bd8                sMcpsIndBufferQueue.12138
                0x0000000004000be8                sMlmeIndQueue.12141
                0x0000000004000bf8                sMlmeIndBufferQueue.12139
                0x0000000004000c08                sHwIndQueue.12142
                0x0000000004000c18                sHwIndBufferQueue.12143
                0x0000000004000c28                _u32_INT_adc_comp
                0x0000000004000c2c                _u32_INT_ticktimer
                0x0000000004000c30                _periph_availmap
 .bss           0x0000000004000c3c       0x34 C:\Users\hirar\AppData\Local\Temp\cciSuIb8.ltrans18.ltrans.o
                0x0000000004000c3c                pf_vProcessInputByte.14141
                0x0000000004000c40                sSerInpStr.14138
 .bss           0x0000000004000c70      0x71c C:\Users\hirar\AppData\Local\Temp\cciSuIb8.ltrans19.ltrans.o
                0x0000000004000c70                prSpiAppCallback.31237
                0x0000000004000c74                prSiAppCallback.32450
                0x0000000004000c78                prAppMcpsCallback.12144
                0x0000000004000c7c                prAppMlmeCallback.12145
                0x0000000004000c80                bTxEventQueued.27072
                0x0000000004000c81                u8TxEventStatus.27073
 .bss.initinboot
                0x000000000400138c        0x4 C:\Users\hirar\AppData\Local\Temp\cciSuIb8.ltrans19.ltrans.o
                0x000000000400138c                prSysCtrlAppCallback.31440
 .bss.dontinitinboot
                0x0000000004001390        0x8 C:\Users\hirar\AppData\Local\Temp\cciSuIb8.ltrans19.ltrans.o
 .bss           0x0000000004001398        0x4 C:\Users\hirar\AppData\Local\Temp\cciSuIb8.ltrans20.ltrans.o
 .bss           0x000000000400139c        0x1 C:\Users\hirar\AppData\Local\Temp\cciSuIb8.ltrans21.ltrans.o
                0x000000000400139c                u8TAM_TxStatusOverride
 *fill*         0x000000000400139d        0x3 00
 .bss           0x00000000040013a0        0x8 C:\Users\hirar\AppData\Local\Temp\cciSuIb8.ltrans23.ltrans.o
 .bss           0x00000000040013a8       0x14 C:\Users\hirar\AppData\Local\Temp\cciSuIb8.ltrans25.ltrans.o
                0x00000000040013a8                s_sTimerList
                0x00000000040013b8                u8AssocResponsesInProgress.19955
 .bss           0x00000000040013bc       0x24 C:\Users\hirar\AppData\Local\Temp\cciSuIb8.ltrans26.ltrans.o
                0x00000000040013bc                apfTimerAppCallback.31649
                0x00000000040013d0                prTickTimeAppCallback
                0x00000000040013d4                au16TimerSettings.31598
 .bss           0x00000000040013e0       0x48 C:\Users\hirar\AppData\Local\Temp\cciSuIb8.ltrans27.ltrans.o
                0x00000000040013e0                sSerCmd_P3.14137
                0x00000000040013ec                sIntrct_Context.14140
 .bss           0x0000000004001428       0x5c C:\Users\hirar\AppData\Local\Temp\cciSuIb8.ltrans28.ltrans.o
                0x0000000004001428                asUARTS.13386
                0x0000000004001448                _SERIAL_bmTxIntEnabled
                0x000000000400144c                asSerialPorts
 .bss           0x0000000004001484      0x240 C:\Users\hirar\AppData\Local\Temp\cciSuIb8.ltrans29.ltrans.o
                0x0000000004001484                fs3000ByteData
                0x0000000004001494                the_mac
                0x00000000040014a4                Buttons
                0x00000000040014ac                Timer4
                0x00000000040014b4                Timer3
                0x00000000040014bc                Timer2
                0x00000000040014c4                Timer1
                0x00000000040014cc                Timer0
                0x00000000040014d4                PulseCounter1
                0x00000000040014d8                PulseCounter0
                0x00000000040014dc                Analogue
                0x00000000040014f4                SPI
                0x00000000040014f8                Wire
                0x0000000004001528                SerialParser
                0x0000000004001564                Serial1
                0x0000000004001584                Serial
                0x00000000040015a4                the_vnet
                0x00000000040015c8                the_vhw
                0x00000000040015ec                the_vsettings
                0x0000000004001610                the_vapp
                0x0000000004001634                the_twelite
 .bss.initinboot
                0x00000000040016c4      0x1bc C:\Users\hirar\AppData\Local\Temp\cciSuIb8.ltrans29.ltrans.o
                0x00000000040016c4                g_sMac
 .bss           0x0000000004001880        0x4 C:\Users\hirar\AppData\Local\Temp\cciSuIb8.ltrans30.ltrans.o
 .bss.dontinitinboot
                0x0000000004001884       0x40 C:/Users/hirar/Documents/MWSTAGE/MWSDK/ChipLib/SW4063V1416/Components/Library\libBoot_JN516x.a(ExceptionHandler.o)
                0x0000000004001884                isr_handlers
 *(.bss.*)
 *(.scommon*)
 *(.scommon.*)
 *(COMMON)
                0x00000000040018c4                . = ALIGN (0x4)
                0x00000000040018c4                _bss_end = ABSOLUTE (.)

.heap           0x00000000040018c4     0x1000 load address 0x000000000009599c
                0x00000000040018c4                _heap_start = ABSOLUTE (.)
                0x00000000040028c4                . = (. + _minimum_heap_size)
 *fill*         0x00000000040018c4     0x1000 00

.stack          0x0000000004007400      0xc00 load address 0x000000000009b4d8
                0x0000000004007400                _heap_end = ABSOLUTE (.)
                0x0000000004007400                _stack_low_water_mark = ABSOLUTE (.)
                0x0000000004008000                . = (. + _stack_size)
 *fill*         0x0000000004007400      0xc00 00

.test           0x0000000000094160        0x1
                0x0000000000094160        0x1 BYTE 0xff
                0x0000000000094124                _flash_data_start = LOADADDR (.data)
                0x000000000000003c                _ram_data_len = (((_ram_data_end - _ram_data_start) + 0x3) & 0xfffffffffffffffc)
                0x000000000000183c                _bss_len = (((_bss_end - _bss_start) + 0x3) & 0xfffffffffffffffc)
                0x0000000000014160                _image_len = ((((_flash_end - _flash_start) + _ram_data_len) + 0x3) & 0xfffffffffffffffc)
                0x0000000004008000                _ram_top = (ABSOLUTE (ORIGIN (ram)) + 0x7fb4)
                0x0000000004008000                ram_top = (ABSOLUTE (ORIGIN (ram)) + 0x7fb4)
                0x0000000001001580                _app_ram_start = 0x1001580
                0x0000000004000050                PROVIDE (_heap_location, u32HeapStart)
                0x0000000004000050                PROVIDE (heap_location, u32HeapStart)
                0x0000000000084d72                TSV_eOpenVector = TSV_eOpen
                0x00000000000847f7                TSV_eStartVector = TSV_eStart
                0x0000000000090206                TSV_eStopVector = TSV_eStop
                0x0000000000091275                pvAppApiGetMacHandle = pvAppApiDefGetMacHandle
                0x0000000000082eab                u32AppApiInit = u32AppApiDefInit
                0x000000000009124a                vAppApiMlmeRequest = vAppApiDefMlmeRequest
                0x000000000008501a                vAppApiMcpsRequest = vAppApiDefMcpsRequest
                0x0000000000084fc1                eAppApiPlmeSet = eAppApiDefPlmeSet
                0x0000000000084f6f                eAppApiPlmeGet = eAppApiDefPlmeGet
                0x0000000000084f66                pvAppApiGetMacAddrLocation = pvAppApiDefGetMacAddrLocation
                0x0000000000084e4b                vAppApiSaveMacSettings = vAppApiDefSaveMacSettings
                0x0000000000084d7a                vAppApiRestoreMacSettings = vAppApiDefRestoreMacSettings
OUTPUT(objs_BLUE/software_BLUE_L1305_V0-1-0.elf elf32-ba)

.comment        0x0000000000000000       0x11
 .comment       0x0000000000000000       0x12 C:\Users\hirar\AppData\Local\Temp\cciSuIb8.ltrans0.ltrans.o
 .comment       0x0000000000000000       0x12 C:\Users\hirar\AppData\Local\Temp\cciSuIb8.ltrans1.ltrans.o
 .comment       0x0000000000000000       0x12 C:\Users\hirar\AppData\Local\Temp\cciSuIb8.ltrans2.ltrans.o
 .comment       0x0000000000000000       0x12 C:\Users\hirar\AppData\Local\Temp\cciSuIb8.ltrans3.ltrans.o
 .comment       0x0000000000000000       0x12 C:\Users\hirar\AppData\Local\Temp\cciSuIb8.ltrans4.ltrans.o
 .comment       0x0000000000000000       0x12 C:\Users\hirar\AppData\Local\Temp\cciSuIb8.ltrans5.ltrans.o
 .comment       0x0000000000000000       0x12 C:\Users\hirar\AppData\Local\Temp\cciSuIb8.ltrans6.ltrans.o
 .comment       0x0000000000000000       0x12 C:\Users\hirar\AppData\Local\Temp\cciSuIb8.ltrans7.ltrans.o
 .comment       0x0000000000000000       0x12 C:\Users\hirar\AppData\Local\Temp\cciSuIb8.ltrans8.ltrans.o
 .comment       0x0000000000000000       0x12 C:\Users\hirar\AppData\Local\Temp\cciSuIb8.ltrans9.ltrans.o
 .comment       0x0000000000000000       0x12 C:\Users\hirar\AppData\Local\Temp\cciSuIb8.ltrans10.ltrans.o
 .comment       0x0000000000000000       0x12 C:\Users\hirar\AppData\Local\Temp\cciSuIb8.ltrans11.ltrans.o
 .comment       0x0000000000000000       0x12 C:\Users\hirar\AppData\Local\Temp\cciSuIb8.ltrans12.ltrans.o
 .comment       0x0000000000000000       0x12 C:\Users\hirar\AppData\Local\Temp\cciSuIb8.ltrans13.ltrans.o
 .comment       0x0000000000000000       0x12 C:\Users\hirar\AppData\Local\Temp\cciSuIb8.ltrans14.ltrans.o
 .comment       0x0000000000000000       0x12 C:\Users\hirar\AppData\Local\Temp\cciSuIb8.ltrans15.ltrans.o
 .comment       0x0000000000000000       0x12 C:\Users\hirar\AppData\Local\Temp\cciSuIb8.ltrans16.ltrans.o
 .comment       0x0000000000000000       0x12 C:\Users\hirar\AppData\Local\Temp\cciSuIb8.ltrans17.ltrans.o
 .comment       0x0000000000000000       0x12 C:\Users\hirar\AppData\Local\Temp\cciSuIb8.ltrans18.ltrans.o
 .comment       0x0000000000000000       0x12 C:\Users\hirar\AppData\Local\Temp\cciSuIb8.ltrans19.ltrans.o
 .comment       0x0000000000000000       0x12 C:\Users\hirar\AppData\Local\Temp\cciSuIb8.ltrans20.ltrans.o
 .comment       0x0000000000000000       0x12 C:\Users\hirar\AppData\Local\Temp\cciSuIb8.ltrans21.ltrans.o
 .comment       0x0000000000000000       0x12 C:\Users\hirar\AppData\Local\Temp\cciSuIb8.ltrans22.ltrans.o
 .comment       0x0000000000000000       0x12 C:\Users\hirar\AppData\Local\Temp\cciSuIb8.ltrans23.ltrans.o
 .comment       0x0000000000000000       0x12 C:\Users\hirar\AppData\Local\Temp\cciSuIb8.ltrans24.ltrans.o
 .comment       0x0000000000000000       0x12 C:\Users\hirar\AppData\Local\Temp\cciSuIb8.ltrans25.ltrans.o
 .comment       0x0000000000000000       0x12 C:\Users\hirar\AppData\Local\Temp\cciSuIb8.ltrans26.ltrans.o
 .comment       0x0000000000000000       0x12 C:\Users\hirar\AppData\Local\Temp\cciSuIb8.ltrans27.ltrans.o
 .comment       0x0000000000000000       0x12 C:\Users\hirar\AppData\Local\Temp\cciSuIb8.ltrans28.ltrans.o
 .comment       0x0000000000000000       0x12 C:\Users\hirar\AppData\Local\Temp\cciSuIb8.ltrans29.ltrans.o
 .comment       0x0000000000000000       0x12 C:\Users\hirar\AppData\Local\Temp\cciSuIb8.ltrans30.ltrans.o
 .comment       0x0000000000000000       0x12 c:/users/hirar/documents/mwstage/tools/ba-elf-ba2-r36379.w10/bin/../lib/gcc/ba-elf/4.7.4/../../../../ba-elf/lib/mcpu_jn51xx_sizeopt\libc.a(lib_a-memcmp.o)
 .comment       0x0000000000000000       0x12 c:/users/hirar/documents/mwstage/tools/ba-elf-ba2-r36379.w10/bin/../lib/gcc/ba-elf/4.7.4/../../../../ba-elf/lib/mcpu_jn51xx_sizeopt\libc.a(lib_a-memcpy.o)
 .comment       0x0000000000000000       0x12 c:/users/hirar/documents/mwstage/tools/ba-elf-ba2-r36379.w10/bin/../lib/gcc/ba-elf/4.7.4/../../../../ba-elf/lib/mcpu_jn51xx_sizeopt\libc.a(lib_a-strlen.o)
 .comment       0x0000000000000000       0x12 c:/users/hirar/documents/mwstage/tools/ba-elf-ba2-r36379.w10/bin/../lib/gcc/ba-elf/4.7.4/mcpu_jn51xx_sizeopt\libgcc.a(_fixunssfsi.o)
 .comment       0x0000000000000000       0x12 c:/users/hirar/documents/mwstage/tools/ba-elf-ba2-r36379.w10/bin/../lib/gcc/ba-elf/4.7.4/mcpu_jn51xx_sizeopt\libgcc.a(_fixunsdfsi.o)
 .comment       0x0000000000000000       0x12 c:/users/hirar/documents/mwstage/tools/ba-elf-ba2-r36379.w10/bin/../lib/gcc/ba-elf/4.7.4/mcpu_jn51xx_sizeopt\libgcc.a(_udivdi3.o)
 .comment       0x0000000000000000       0x12 c:/users/hirar/documents/mwstage/tools/ba-elf-ba2-r36379.w10/bin/../lib/gcc/ba-elf/4.7.4/mcpu_jn51xx_sizeopt\libgcc.a(_umoddi3.o)
 .comment       0x0000000000000000       0x12 c:/users/hirar/documents/mwstage/tools/ba-elf-ba2-r36379.w10/bin/../lib/gcc/ba-elf/4.7.4/mcpu_jn51xx_sizeopt\libgcc.a(gesf2.o)
 .comment       0x0000000000000000       0x12 c:/users/hirar/documents/mwstage/tools/ba-elf-ba2-r36379.w10/bin/../lib/gcc/ba-elf/4.7.4/mcpu_jn51xx_sizeopt\libgcc.a(lesf2.o)
 .comment       0x0000000000000000       0x12 c:/users/hirar/documents/mwstage/tools/ba-elf-ba2-r36379.w10/bin/../lib/gcc/ba-elf/4.7.4/mcpu_jn51xx_sizeopt\libgcc.a(subsf3.o)
 .comment       0x0000000000000000       0x12 c:/users/hirar/documents/mwstage/tools/ba-elf-ba2-r36379.w10/bin/../lib/gcc/ba-elf/4.7.4/mcpu_jn51xx_sizeopt\libgcc.a(unordsf2.o)
 .comment       0x0000000000000000       0x12 c:/users/hirar/documents/mwstage/tools/ba-elf-ba2-r36379.w10/bin/../lib/gcc/ba-elf/4.7.4/mcpu_jn51xx_sizeopt\libgcc.a(fixsfsi.o)
 .comment       0x0000000000000000       0x12 c:/users/hirar/documents/mwstage/tools/ba-elf-ba2-r36379.w10/bin/../lib/gcc/ba-elf/4.7.4/mcpu_jn51xx_sizeopt\libgcc.a(adddf3.o)
 .comment       0x0000000000000000       0x12 c:/users/hirar/documents/mwstage/tools/ba-elf-ba2-r36379.w10/bin/../lib/gcc/ba-elf/4.7.4/mcpu_jn51xx_sizeopt\libgcc.a(divdf3.o)
 .comment       0x0000000000000000       0x12 c:/users/hirar/documents/mwstage/tools/ba-elf-ba2-r36379.w10/bin/../lib/gcc/ba-elf/4.7.4/mcpu_jn51xx_sizeopt\libgcc.a(eqdf2.o)
 .comment       0x0000000000000000       0x12 c:/users/hirar/documents/mwstage/tools/ba-elf-ba2-r36379.w10/bin/../lib/gcc/ba-elf/4.7.4/mcpu_jn51xx_sizeopt\libgcc.a(gedf2.o)
 .comment       0x0000000000000000       0x12 c:/users/hirar/documents/mwstage/tools/ba-elf-ba2-r36379.w10/bin/../lib/gcc/ba-elf/4.7.4/mcpu_jn51xx_sizeopt\libgcc.a(ledf2.o)
 .comment       0x0000000000000000       0x12 c:/users/hirar/documents/mwstage/tools/ba-elf-ba2-r36379.w10/bin/../lib/gcc/ba-elf/4.7.4/mcpu_jn51xx_sizeopt\libgcc.a(muldf3.o)
 .comment       0x0000000000000000       0x12 c:/users/hirar/documents/mwstage/tools/ba-elf-ba2-r36379.w10/bin/../lib/gcc/ba-elf/4.7.4/mcpu_jn51xx_sizeopt\libgcc.a(subdf3.o)
 .comment       0x0000000000000000       0x12 c:/users/hirar/documents/mwstage/tools/ba-elf-ba2-r36379.w10/bin/../lib/gcc/ba-elf/4.7.4/mcpu_jn51xx_sizeopt\libgcc.a(fixdfsi.o)
 .comment       0x0000000000000000       0x12 c:/users/hirar/documents/mwstage/tools/ba-elf-ba2-r36379.w10/bin/../lib/gcc/ba-elf/4.7.4/mcpu_jn51xx_sizeopt\libgcc.a(floatsidf.o)
 .comment       0x0000000000000000       0x12 c:/users/hirar/documents/mwstage/tools/ba-elf-ba2-r36379.w10/bin/../lib/gcc/ba-elf/4.7.4/mcpu_jn51xx_sizeopt\libgcc.a(floatunsidf.o)
 .comment       0x0000000000000000       0x11 C:/Users/hirar/Documents/MWSTAGE/MWSDK/ChipLib/SW4063V1416/Components/Library\libMicroSpecific_JN516x.a(MicroSyscall_ba.o)
                                         0x12 (size before relaxing)
 .comment       0x0000000000000000       0x12 c:/users/hirar/documents/mwstage/tools/ba-elf-ba2-r36379.w10/bin/../lib/gcc/ba-elf/4.7.4/../../../../ba-elf/lib/mcpu_jn51xx_sizeopt\libc.a(lib_a-memset.o)

.debug_info     0x0000000000000000     0x3fc2
 .debug_info    0x0000000000000000       0xf3 c:/users/hirar/documents/mwstage/tools/ba-elf-ba2-r36379.w10/bin/../lib/gcc/ba-elf/4.7.4/../../../../ba-elf/lib/mcpu_jn51xx_sizeopt\libc.a(lib_a-memcmp.o)
 .debug_info    0x00000000000000f3      0x106 c:/users/hirar/documents/mwstage/tools/ba-elf-ba2-r36379.w10/bin/../lib/gcc/ba-elf/4.7.4/../../../../ba-elf/lib/mcpu_jn51xx_sizeopt\libc.a(lib_a-memcpy.o)
 .debug_info    0x00000000000001f9       0xc8 c:/users/hirar/documents/mwstage/tools/ba-elf-ba2-r36379.w10/bin/../lib/gcc/ba-elf/4.7.4/../../../../ba-elf/lib/mcpu_jn51xx_sizeopt\libc.a(lib_a-strlen.o)
 .debug_info    0x00000000000002c1       0xb7 c:/users/hirar/documents/mwstage/tools/ba-elf-ba2-r36379.w10/bin/../lib/gcc/ba-elf/4.7.4/mcpu_jn51xx_sizeopt\libgcc.a(__udivsi3.o)
 .debug_info    0x0000000000000378       0xb7 c:/users/hirar/documents/mwstage/tools/ba-elf-ba2-r36379.w10/bin/../lib/gcc/ba-elf/4.7.4/mcpu_jn51xx_sizeopt\libgcc.a(__divsi3.o)
 .debug_info    0x000000000000042f       0xb7 c:/users/hirar/documents/mwstage/tools/ba-elf-ba2-r36379.w10/bin/../lib/gcc/ba-elf/4.7.4/mcpu_jn51xx_sizeopt\libgcc.a(__umodsi3.o)
 .debug_info    0x00000000000004e6       0xb7 c:/users/hirar/documents/mwstage/tools/ba-elf-ba2-r36379.w10/bin/../lib/gcc/ba-elf/4.7.4/mcpu_jn51xx_sizeopt\libgcc.a(__modsi3.o)
 .debug_info    0x000000000000059d       0xd3 c:/users/hirar/documents/mwstage/tools/ba-elf-ba2-r36379.w10/bin/../lib/gcc/ba-elf/4.7.4/mcpu_jn51xx_sizeopt\libgcc.a(_fixunssfsi.o)
 .debug_info    0x0000000000000670       0xd3 c:/users/hirar/documents/mwstage/tools/ba-elf-ba2-r36379.w10/bin/../lib/gcc/ba-elf/4.7.4/mcpu_jn51xx_sizeopt\libgcc.a(_fixunsdfsi.o)
 .debug_info    0x0000000000000743      0x648 c:/users/hirar/documents/mwstage/tools/ba-elf-ba2-r36379.w10/bin/../lib/gcc/ba-elf/4.7.4/mcpu_jn51xx_sizeopt\libgcc.a(_udivdi3.o)
 .debug_info    0x0000000000000d8b      0x69d c:/users/hirar/documents/mwstage/tools/ba-elf-ba2-r36379.w10/bin/../lib/gcc/ba-elf/4.7.4/mcpu_jn51xx_sizeopt\libgcc.a(_umoddi3.o)
 .debug_info    0x0000000000001428      0x1e9 c:/users/hirar/documents/mwstage/tools/ba-elf-ba2-r36379.w10/bin/../lib/gcc/ba-elf/4.7.4/mcpu_jn51xx_sizeopt\libgcc.a(gesf2.o)
 .debug_info    0x0000000000001611      0x1ec c:/users/hirar/documents/mwstage/tools/ba-elf-ba2-r36379.w10/bin/../lib/gcc/ba-elf/4.7.4/mcpu_jn51xx_sizeopt\libgcc.a(lesf2.o)
 .debug_info    0x00000000000017fd      0x2b5 c:/users/hirar/documents/mwstage/tools/ba-elf-ba2-r36379.w10/bin/../lib/gcc/ba-elf/4.7.4/mcpu_jn51xx_sizeopt\libgcc.a(subsf3.o)
 .debug_info    0x0000000000001ab2      0x1ad c:/users/hirar/documents/mwstage/tools/ba-elf-ba2-r36379.w10/bin/../lib/gcc/ba-elf/4.7.4/mcpu_jn51xx_sizeopt\libgcc.a(unordsf2.o)
 .debug_info    0x0000000000001c5f      0x19d c:/users/hirar/documents/mwstage/tools/ba-elf-ba2-r36379.w10/bin/../lib/gcc/ba-elf/4.7.4/mcpu_jn51xx_sizeopt\libgcc.a(fixsfsi.o)
 .debug_info    0x0000000000001dfc      0x4b2 c:/users/hirar/documents/mwstage/tools/ba-elf-ba2-r36379.w10/bin/../lib/gcc/ba-elf/4.7.4/mcpu_jn51xx_sizeopt\libgcc.a(adddf3.o)
 .debug_info    0x00000000000022ae      0x5c5 c:/users/hirar/documents/mwstage/tools/ba-elf-ba2-r36379.w10/bin/../lib/gcc/ba-elf/4.7.4/mcpu_jn51xx_sizeopt\libgcc.a(divdf3.o)
 .debug_info    0x0000000000002873      0x1e7 c:/users/hirar/documents/mwstage/tools/ba-elf-ba2-r36379.w10/bin/../lib/gcc/ba-elf/4.7.4/mcpu_jn51xx_sizeopt\libgcc.a(eqdf2.o)
 .debug_info    0x0000000000002a5a      0x20b c:/users/hirar/documents/mwstage/tools/ba-elf-ba2-r36379.w10/bin/../lib/gcc/ba-elf/4.7.4/mcpu_jn51xx_sizeopt\libgcc.a(gedf2.o)
 .debug_info    0x0000000000002c65      0x20b c:/users/hirar/documents/mwstage/tools/ba-elf-ba2-r36379.w10/bin/../lib/gcc/ba-elf/4.7.4/mcpu_jn51xx_sizeopt\libgcc.a(ledf2.o)
 .debug_info    0x0000000000002e70      0x5c7 c:/users/hirar/documents/mwstage/tools/ba-elf-ba2-r36379.w10/bin/../lib/gcc/ba-elf/4.7.4/mcpu_jn51xx_sizeopt\libgcc.a(muldf3.o)
 .debug_info    0x0000000000003437      0x4b2 c:/users/hirar/documents/mwstage/tools/ba-elf-ba2-r36379.w10/bin/../lib/gcc/ba-elf/4.7.4/mcpu_jn51xx_sizeopt\libgcc.a(subdf3.o)
 .debug_info    0x00000000000038e9      0x1b7 c:/users/hirar/documents/mwstage/tools/ba-elf-ba2-r36379.w10/bin/../lib/gcc/ba-elf/4.7.4/mcpu_jn51xx_sizeopt\libgcc.a(fixdfsi.o)
 .debug_info    0x0000000000003aa0      0x1d6 c:/users/hirar/documents/mwstage/tools/ba-elf-ba2-r36379.w10/bin/../lib/gcc/ba-elf/4.7.4/mcpu_jn51xx_sizeopt\libgcc.a(floatsidf.o)
 .debug_info    0x0000000000003c76      0x1cb c:/users/hirar/documents/mwstage/tools/ba-elf-ba2-r36379.w10/bin/../lib/gcc/ba-elf/4.7.4/mcpu_jn51xx_sizeopt\libgcc.a(floatunsidf.o)
 .debug_info    0x0000000000003e41       0xaa C:/Users/hirar/Documents/MWSTAGE/MWSDK/ChipLib/SW4063V1416/Components/Library\libBoot_JN516x.a(ExceptionHandler.o)
 .debug_info    0x0000000000003eeb       0xd7 c:/users/hirar/documents/mwstage/tools/ba-elf-ba2-r36379.w10/bin/../lib/gcc/ba-elf/4.7.4/../../../../ba-elf/lib/mcpu_jn51xx_sizeopt\libc.a(lib_a-memset.o)

.debug_abbrev   0x0000000000000000     0x17dc
 .debug_abbrev  0x0000000000000000       0x8e c:/users/hirar/documents/mwstage/tools/ba-elf-ba2-r36379.w10/bin/../lib/gcc/ba-elf/4.7.4/../../../../ba-elf/lib/mcpu_jn51xx_sizeopt\libc.a(lib_a-memcmp.o)
 .debug_abbrev  0x000000000000008e       0xa4 c:/users/hirar/documents/mwstage/tools/ba-elf-ba2-r36379.w10/bin/../lib/gcc/ba-elf/4.7.4/../../../../ba-elf/lib/mcpu_jn51xx_sizeopt\libc.a(lib_a-memcpy.o)
 .debug_abbrev  0x0000000000000132       0x7f c:/users/hirar/documents/mwstage/tools/ba-elf-ba2-r36379.w10/bin/../lib/gcc/ba-elf/4.7.4/../../../../ba-elf/lib/mcpu_jn51xx_sizeopt\libc.a(lib_a-strlen.o)
 .debug_abbrev  0x00000000000001b1       0x14 c:/users/hirar/documents/mwstage/tools/ba-elf-ba2-r36379.w10/bin/../lib/gcc/ba-elf/4.7.4/mcpu_jn51xx_sizeopt\libgcc.a(__udivsi3.o)
 .debug_abbrev  0x00000000000001c5       0x14 c:/users/hirar/documents/mwstage/tools/ba-elf-ba2-r36379.w10/bin/../lib/gcc/ba-elf/4.7.4/mcpu_jn51xx_sizeopt\libgcc.a(__divsi3.o)
 .debug_abbrev  0x00000000000001d9       0x14 c:/users/hirar/documents/mwstage/tools/ba-elf-ba2-r36379.w10/bin/../lib/gcc/ba-elf/4.7.4/mcpu_jn51xx_sizeopt\libgcc.a(__umodsi3.o)
 .debug_abbrev  0x00000000000001ed       0x14 c:/users/hirar/documents/mwstage/tools/ba-elf-ba2-r36379.w10/bin/../lib/gcc/ba-elf/4.7.4/mcpu_jn51xx_sizeopt\libgcc.a(__modsi3.o)
 .debug_abbrev  0x0000000000000201       0x60 c:/users/hirar/documents/mwstage/tools/ba-elf-ba2-r36379.w10/bin/../lib/gcc/ba-elf/4.7.4/mcpu_jn51xx_sizeopt\libgcc.a(_fixunssfsi.o)
 .debug_abbrev  0x0000000000000261       0x60 c:/users/hirar/documents/mwstage/tools/ba-elf-ba2-r36379.w10/bin/../lib/gcc/ba-elf/4.7.4/mcpu_jn51xx_sizeopt\libgcc.a(_fixunsdfsi.o)
 .debug_abbrev  0x00000000000002c1      0x15d c:/users/hirar/documents/mwstage/tools/ba-elf-ba2-r36379.w10/bin/../lib/gcc/ba-elf/4.7.4/mcpu_jn51xx_sizeopt\libgcc.a(_udivdi3.o)
 .debug_abbrev  0x000000000000041e      0x175 c:/users/hirar/documents/mwstage/tools/ba-elf-ba2-r36379.w10/bin/../lib/gcc/ba-elf/4.7.4/mcpu_jn51xx_sizeopt\libgcc.a(_umoddi3.o)
 .debug_abbrev  0x0000000000000593      0x12a c:/users/hirar/documents/mwstage/tools/ba-elf-ba2-r36379.w10/bin/../lib/gcc/ba-elf/4.7.4/mcpu_jn51xx_sizeopt\libgcc.a(gesf2.o)
 .debug_abbrev  0x00000000000006bd      0x12a c:/users/hirar/documents/mwstage/tools/ba-elf-ba2-r36379.w10/bin/../lib/gcc/ba-elf/4.7.4/mcpu_jn51xx_sizeopt\libgcc.a(lesf2.o)
 .debug_abbrev  0x00000000000007e7      0x133 c:/users/hirar/documents/mwstage/tools/ba-elf-ba2-r36379.w10/bin/../lib/gcc/ba-elf/4.7.4/mcpu_jn51xx_sizeopt\libgcc.a(subsf3.o)
 .debug_abbrev  0x000000000000091a      0x10c c:/users/hirar/documents/mwstage/tools/ba-elf-ba2-r36379.w10/bin/../lib/gcc/ba-elf/4.7.4/mcpu_jn51xx_sizeopt\libgcc.a(unordsf2.o)
 .debug_abbrev  0x0000000000000a26      0x12c c:/users/hirar/documents/mwstage/tools/ba-elf-ba2-r36379.w10/bin/../lib/gcc/ba-elf/4.7.4/mcpu_jn51xx_sizeopt\libgcc.a(fixsfsi.o)
 .debug_abbrev  0x0000000000000b52      0x133 c:/users/hirar/documents/mwstage/tools/ba-elf-ba2-r36379.w10/bin/../lib/gcc/ba-elf/4.7.4/mcpu_jn51xx_sizeopt\libgcc.a(adddf3.o)
 .debug_abbrev  0x0000000000000c85      0x12f c:/users/hirar/documents/mwstage/tools/ba-elf-ba2-r36379.w10/bin/../lib/gcc/ba-elf/4.7.4/mcpu_jn51xx_sizeopt\libgcc.a(divdf3.o)
 .debug_abbrev  0x0000000000000db4      0x128 c:/users/hirar/documents/mwstage/tools/ba-elf-ba2-r36379.w10/bin/../lib/gcc/ba-elf/4.7.4/mcpu_jn51xx_sizeopt\libgcc.a(eqdf2.o)
 .debug_abbrev  0x0000000000000edc      0x137 c:/users/hirar/documents/mwstage/tools/ba-elf-ba2-r36379.w10/bin/../lib/gcc/ba-elf/4.7.4/mcpu_jn51xx_sizeopt\libgcc.a(gedf2.o)
 .debug_abbrev  0x0000000000001013      0x139 c:/users/hirar/documents/mwstage/tools/ba-elf-ba2-r36379.w10/bin/../lib/gcc/ba-elf/4.7.4/mcpu_jn51xx_sizeopt\libgcc.a(ledf2.o)
 .debug_abbrev  0x000000000000114c      0x141 c:/users/hirar/documents/mwstage/tools/ba-elf-ba2-r36379.w10/bin/../lib/gcc/ba-elf/4.7.4/mcpu_jn51xx_sizeopt\libgcc.a(muldf3.o)